Archive member included to satisfy reference by file (symbol)

c:/program files (x86)/atmel/studio/7.0/toolchain/arm/arm-gnu-toolchain/bin/../lib/gcc/arm-none-eabi/5.3.1/../../../../arm-none-eabi/lib/armv7e-m\libc.a(lib_a-exit.o)
                              c:/program files (x86)/atmel/studio/7.0/toolchain/arm/arm-gnu-toolchain/bin/../lib/gcc/arm-none-eabi/5.3.1/../../../../arm-none-eabi/lib/armv7e-m/crt0.o (exit)
c:/program files (x86)/atmel/studio/7.0/toolchain/arm/arm-gnu-toolchain/bin/../lib/gcc/arm-none-eabi/5.3.1/../../../../arm-none-eabi/lib/armv7e-m\libc.a(lib_a-impure.o)
                              c:/program files (x86)/atmel/studio/7.0/toolchain/arm/arm-gnu-toolchain/bin/../lib/gcc/arm-none-eabi/5.3.1/../../../../arm-none-eabi/lib/armv7e-m\libc.a(lib_a-exit.o) (_global_impure_ptr)
c:/program files (x86)/atmel/studio/7.0/toolchain/arm/arm-gnu-toolchain/bin/../lib/gcc/arm-none-eabi/5.3.1/../../../../arm-none-eabi/lib/armv7e-m\libc.a(lib_a-init.o)
                              c:/program files (x86)/atmel/studio/7.0/toolchain/arm/arm-gnu-toolchain/bin/../lib/gcc/arm-none-eabi/5.3.1/../../../../arm-none-eabi/lib/armv7e-m/crt0.o (__libc_init_array)
c:/program files (x86)/atmel/studio/7.0/toolchain/arm/arm-gnu-toolchain/bin/../lib/gcc/arm-none-eabi/5.3.1/../../../../arm-none-eabi/lib/armv7e-m\libc.a(lib_a-iprintf.o)
                              src/ASF/sam/utils/syscalls/gcc/syscalls.o (iprintf)
c:/program files (x86)/atmel/studio/7.0/toolchain/arm/arm-gnu-toolchain/bin/../lib/gcc/arm-none-eabi/5.3.1/../../../../arm-none-eabi/lib/armv7e-m\libc.a(lib_a-memset.o)
                              c:/program files (x86)/atmel/studio/7.0/toolchain/arm/arm-gnu-toolchain/bin/../lib/gcc/arm-none-eabi/5.3.1/../../../../arm-none-eabi/lib/armv7e-m/crt0.o (memset)
c:/program files (x86)/atmel/studio/7.0/toolchain/arm/arm-gnu-toolchain/bin/../lib/gcc/arm-none-eabi/5.3.1/../../../../arm-none-eabi/lib/armv7e-m\libc.a(lib_a-vfiprintf.o)
                              c:/program files (x86)/atmel/studio/7.0/toolchain/arm/arm-gnu-toolchain/bin/../lib/gcc/arm-none-eabi/5.3.1/../../../../arm-none-eabi/lib/armv7e-m\libc.a(lib_a-iprintf.o) (_vfiprintf_r)
c:/program files (x86)/atmel/studio/7.0/toolchain/arm/arm-gnu-toolchain/bin/../lib/gcc/arm-none-eabi/5.3.1/../../../../arm-none-eabi/lib/armv7e-m\libc.a(lib_a-wsetup.o)
                              c:/program files (x86)/atmel/studio/7.0/toolchain/arm/arm-gnu-toolchain/bin/../lib/gcc/arm-none-eabi/5.3.1/../../../../arm-none-eabi/lib/armv7e-m\libc.a(lib_a-vfiprintf.o) (__swsetup_r)
c:/program files (x86)/atmel/studio/7.0/toolchain/arm/arm-gnu-toolchain/bin/../lib/gcc/arm-none-eabi/5.3.1/../../../../arm-none-eabi/lib/armv7e-m\libc.a(lib_a-__call_atexit.o)
                              c:/program files (x86)/atmel/studio/7.0/toolchain/arm/arm-gnu-toolchain/bin/../lib/gcc/arm-none-eabi/5.3.1/../../../../arm-none-eabi/lib/armv7e-m\libc.a(lib_a-exit.o) (__call_exitprocs)
c:/program files (x86)/atmel/studio/7.0/toolchain/arm/arm-gnu-toolchain/bin/../lib/gcc/arm-none-eabi/5.3.1/../../../../arm-none-eabi/lib/armv7e-m\libc.a(lib_a-atexit.o)
                              c:/program files (x86)/atmel/studio/7.0/toolchain/arm/arm-gnu-toolchain/bin/../lib/gcc/arm-none-eabi/5.3.1/../../../../arm-none-eabi/lib/armv7e-m\libc.a(lib_a-__call_atexit.o) (atexit)
c:/program files (x86)/atmel/studio/7.0/toolchain/arm/arm-gnu-toolchain/bin/../lib/gcc/arm-none-eabi/5.3.1/../../../../arm-none-eabi/lib/armv7e-m\libc.a(lib_a-fflush.o)
                              c:/program files (x86)/atmel/studio/7.0/toolchain/arm/arm-gnu-toolchain/bin/../lib/gcc/arm-none-eabi/5.3.1/../../../../arm-none-eabi/lib/armv7e-m\libc.a(lib_a-vfiprintf.o) (_fflush_r)
c:/program files (x86)/atmel/studio/7.0/toolchain/arm/arm-gnu-toolchain/bin/../lib/gcc/arm-none-eabi/5.3.1/../../../../arm-none-eabi/lib/armv7e-m\libc.a(lib_a-findfp.o)
                              c:/program files (x86)/atmel/studio/7.0/toolchain/arm/arm-gnu-toolchain/bin/../lib/gcc/arm-none-eabi/5.3.1/../../../../arm-none-eabi/lib/armv7e-m\libc.a(lib_a-vfiprintf.o) (__sinit)
c:/program files (x86)/atmel/studio/7.0/toolchain/arm/arm-gnu-toolchain/bin/../lib/gcc/arm-none-eabi/5.3.1/../../../../arm-none-eabi/lib/armv7e-m\libc.a(lib_a-fini.o)
                              c:/program files (x86)/atmel/studio/7.0/toolchain/arm/arm-gnu-toolchain/bin/../lib/gcc/arm-none-eabi/5.3.1/../../../../arm-none-eabi/lib/armv7e-m\libc.a(lib_a-__call_atexit.o) (__libc_fini_array)
c:/program files (x86)/atmel/studio/7.0/toolchain/arm/arm-gnu-toolchain/bin/../lib/gcc/arm-none-eabi/5.3.1/../../../../arm-none-eabi/lib/armv7e-m\libc.a(lib_a-fputwc.o)
                              c:/program files (x86)/atmel/studio/7.0/toolchain/arm/arm-gnu-toolchain/bin/../lib/gcc/arm-none-eabi/5.3.1/../../../../arm-none-eabi/lib/armv7e-m\libc.a(lib_a-vfiprintf.o) (_fputwc_r)
[...]
Memory Configuration

Name             Origin             Length             Attributes
rom              0x00000000         0x00040000         xr
ram              0x20000000         0x00008000         xrw
*default*        0x00000000         0xffffffff

Linker script and memory map

LOAD c:/program files (x86)/atmel/studio/7.0/toolchain/arm/arm-gnu-toolchain/bin/../lib/gcc/arm-none-eabi/5.3.1/armv7e-m/crti.o
LOAD c:/program files (x86)/atmel/studio/7.0/toolchain/arm/arm-gnu-toolchain/bin/../lib/gcc/arm-none-eabi/5.3.1/armv7e-m/crtbegin.o
LOAD c:/program files (x86)/atmel/studio/7.0/toolchain/arm/arm-gnu-toolchain/bin/../lib/gcc/arm-none-eabi/5.3.1/../../../../arm-none-eabi/lib/armv7e-m/crt0.o
LOAD src/ASF/common/services/clock/sam4l/dfll.o
LOAD src/ASF/common/services/clock/sam4l/osc.o
LOAD src/ASF/common/services/clock/sam4l/pll.o
LOAD src/ASF/common/services/clock/sam4l/sysclk.o
LOAD src/ASF/common/utils/interrupt/interrupt_sam_nvic.o
LOAD src/ASF/sam/boards/sam4l_xplained_pro/init.o
LOAD src/ASF/sam/drivers/bpm/bpm.o
LOAD src/ASF/sam/drivers/flashcalw/flashcalw.o
LOAD src/ASF/sam/drivers/wdt/wdt_sam4l.o
LOAD src/ASF/sam/utils/cmsis/sam4l/source/templates/exceptions.o
LOAD src/ASF/sam/utils/cmsis/sam4l/source/templates/gcc/startup_sam4l.o
LOAD src/ASF/sam/utils/cmsis/sam4l/source/templates/system_sam4l.o
LOAD src/ASF/sam/utils/syscalls/gcc/syscalls.o
LOAD src/main.o
START GROUP
LOAD ../src/ASF/thirdparty/CMSIS/Lib/GCC\libarm_cortexM4l_math.a
LOAD c:/program files (x86)/atmel/studio/7.0/toolchain/arm/arm-gnu-toolchain/bin/../lib/gcc/arm-none-eabi/5.3.1/../../../../arm-none-eabi/lib/armv7e-m\libm.a
END GROUP
START GROUP
LOAD c:/program files (x86)/atmel/studio/7.0/toolchain/arm/arm-gnu-toolchain/bin/../lib/gcc/arm-none-eabi/5.3.1/armv7e-m\libgcc.a
LOAD c:/program files (x86)/atmel/studio/7.0/toolchain/arm/arm-gnu-toolchain/bin/../lib/gcc/arm-none-eabi/5.3.1/../../../../arm-none-eabi/lib/armv7e-m\libc.a
END GROUP
LOAD c:/program files (x86)/atmel/studio/7.0/toolchain/arm/arm-gnu-toolchain/bin/../lib/gcc/arm-none-eabi/5.3.1/armv7e-m/crtend.o
LOAD c:/program files (x86)/atmel/studio/7.0/toolchain/arm/arm-gnu-toolchain/bin/../lib/gcc/arm-none-eabi/5.3.1/armv7e-m/crtn.o
                0x00001000                __stack_size__ = DEFINED (__stack_size__)?__stack_size__:0x1000
                0x20007ffc                __ram_end__ = ((ORIGIN (ram) + LENGTH (ram)) - 0x4)

.text           0x00000000      0xf84
                0x00000000                . = ALIGN (0x4)
                0x00000000                _sfixed = .
 *(.vectors .vectors.*)
 .vectors       0x00000000      0x180 src/ASF/sam/utils/cmsis/sam4l/source/templates/gcc/startup_sam4l.o
                0x00000000                exception_table
 *(.text .text.* .gnu.linkonce.t.*)
 .text          0x00000180       0x5c c:/program files (x86)/atmel/studio/7.0/toolchain/arm/arm-gnu-toolchain/bin/../lib/gcc/arm-none-eabi/5.3.1/armv7e-m/crtbegin.o
 .text.sysclk_priv_enable_module
                0x000001dc       0x60 src/ASF/common/services/clock/sam4l/sysclk.o
                0x000001dc                sysclk_priv_enable_module
 .text.sysclk_priv_disable_module
                0x0000023c       0x60 src/ASF/common/services/clock/sam4l/sysclk.o
                0x0000023c                sysclk_priv_disable_module
 .text.sysclk_enable_pba_module
                0x0000029c       0x54 src/ASF/common/services/clock/sam4l/sysclk.o
                0x0000029c                sysclk_enable_pba_module
 .text.sysclk_disable_pba_module
                0x000002f0       0x54 src/ASF/common/services/clock/sam4l/sysclk.o
                0x000002f0                sysclk_disable_pba_module
 .text.sysclk_enable_pbb_module
                0x00000344       0x54 src/ASF/common/services/clock/sam4l/sysclk.o
                0x00000344                sysclk_enable_pbb_module
 .text.sysclk_disable_pbb_module
                0x00000398       0x54 src/ASF/common/services/clock/sam4l/sysclk.o
                0x00000398                sysclk_disable_pbb_module
 .text.sysclk_enable_peripheral_clock
                0x000003ec      0x400 src/ASF/common/services/clock/sam4l/sysclk.o
                0x000003ec                sysclk_enable_peripheral_clock
 .text.sysclk_disable_peripheral_clock
                0x000007ec      0x3c0 src/ASF/common/services/clock/sam4l/sysclk.o
                0x000007ec                sysclk_disable_peripheral_clock
 .text.board_init
                0x00000bac       0x6c src/ASF/sam/boards/sam4l_xplained_pro/init.o
                0x00000bac                board_init
 .text.wdt_set_ctrl
                0x00000c18       0x38 src/ASF/sam/drivers/wdt/wdt_sam4l.o
 .text.wdt_get_config_defaults
                0x00000c50       0x18 src/ASF/sam/drivers/wdt/wdt_sam4l.o
                0x00000c50                wdt_get_config_defaults
 .text.wdt_init
                0x00000c68       0xb0 src/ASF/sam/drivers/wdt/wdt_sam4l.o
                0x00000c68                wdt_init
 .text.wdt_disable
                0x00000d18       0x28 src/ASF/sam/drivers/wdt/wdt_sam4l.o
                0x00000d18                wdt_disable
 .text.Dummy_Handler
                0x00000d40        0x4 src/ASF/sam/utils/cmsis/sam4l/source/templates/exceptions.o
                0x00000d40                EIC_5_Handler
                0x00000d40                DACC_Handler
                0x00000d40                DebugMon_Handler
                0x00000d40                TRNG_Handler
                0x00000d40                HardFault_Handler
                0x00000d40                SPI_Handler
                0x00000d40                EIC_4_Handler
                0x00000d40                GPIO_5_Handler
                0x00000d40                SysTick_Handler
                0x00000d40                PDCA_10_Handler
                0x00000d40                USART3_Handler
                0x00000d40                AST_PER_Handler
                0x00000d40                AST_CLKREADY_Handler
                0x00000d40                AST_OVF_Handler
                0x00000d40                PDCA_5_Handler
                0x00000d40                PendSV_Handler
                0x00000d40                NMI_Handler
                0x00000d40                GPIO_10_Handler
                0x00000d40                SCIF_Handler
                0x00000d40                GPIO_9_Handler
                0x00000d40                GPIO_2_Handler
                0x00000d40                PDCA_15_Handler
                0x00000d40                CRCCU_Handler
                0x00000d40                USART0_Handler
                0x00000d40                EIC_3_Handler
                0x00000d40                GPIO_4_Handler
                0x00000d40                TWIM3_Handler
                0x00000d40                UsageFault_Handler
                0x00000d40                PDCA_0_Handler
                0x00000d40                TC12_Handler
                0x00000d40                PDCA_14_Handler
                0x00000d40                BPM_Handler
                0x00000d40                PARC_Handler
                0x00000d40                WDT_Handler
                0x00000d40                EIC_8_Handler
                0x00000d40                TWIS0_Handler
                0x00000d40                PDCA_8_Handler
                0x00000d40                GPIO_11_Handler
                0x00000d40                TWIS1_Handler
                0x00000d40                TWIM2_Handler
                0x00000d40                AESA_Handler
                0x00000d40                PDCA_13_Handler
                0x00000d40                Dummy_Handler
                0x00000d40                PDCA_3_Handler
                0x00000d40                ABDACB_Handler
                0x00000d40                CATB_Handler
                0x00000d40                LCDCA_Handler
                0x00000d40                USART1_Handler
                0x00000d40                AST_READY_Handler
                0x00000d40                PDCA_2_Handler
                0x00000d40                GPIO_8_Handler
                0x00000d40                AST_ALARM_Handler
                0x00000d40                TWIM0_Handler
                0x00000d40                PM_Handler
                0x00000d40                GPIO_7_Handler
                0x00000d40                TC11_Handler
                0x00000d40                PDCA_1_Handler
                0x00000d40                PDCA_11_Handler
                0x00000d40                ACIFC_Handler
                0x00000d40                TC00_Handler
                0x00000d40                TC02_Handler
                0x00000d40                PDCA_6_Handler
                0x00000d40                MemManage_Handler
                0x00000d40                SVC_Handler
                0x00000d40                GPIO_0_Handler
                0x00000d40                PDCA_12_Handler
                0x00000d40                PDCA_9_Handler
                0x00000d40                ADCIFE_Handler
                0x00000d40                GPIO_6_Handler
                0x00000d40                EIC_2_Handler
                0x00000d40                PDCA_7_Handler
                0x00000d40                PEVC_TR_Handler
                0x00000d40                USART2_Handler
                0x00000d40                EIC_6_Handler
                0x00000d40                TC10_Handler
                0x00000d40                TWIM1_Handler
                0x00000d40                EIC_1_Handler
                0x00000d40                EIC_7_Handler
                0x00000d40                HFLASHC_Handler
                0x00000d40                TC01_Handler
                0x00000d40                BSCIF_Handler
                0x00000d40                GPIO_1_Handler
                0x00000d40                USBC_Handler
                0x00000d40                IISC_Handler
                0x00000d40                BusFault_Handler
                0x00000d40                FREQM_Handler
                0x00000d40                GPIO_3_Handler
                0x00000d40                PDCA_4_Handler
                0x00000d40                PEVC_OV_Handler
 .text.Reset_Handler
                0x00000d44       0x98 src/ASF/sam/utils/cmsis/sam4l/source/templates/gcc/startup_sam4l.o
                0x00000d44                Reset_Handler
 .text.main     0x00000ddc       0x40 src/main.o
                0x00000ddc                main
 .text.__libc_init_array
                0x00000e1c       0x50 c:/program files (x86)/atmel/studio/7.0/toolchain/arm/arm-gnu-toolchain/bin/../lib/gcc/arm-none-eabi/5.3.1/../../../../arm-none-eabi/lib/armv7e-m\libc.a(lib_a-init.o)
                0x00000e1c                __libc_init_array
 .text.startup.register_fini
                0x00000e6c       0x14 c:/program files (x86)/atmel/studio/7.0/toolchain/arm/arm-gnu-toolchain/bin/../lib/gcc/arm-none-eabi/5.3.1/../../../../arm-none-eabi/lib/armv7e-m\libc.a(lib_a-__call_atexit.o)
 .text.atexit   0x00000e80        0xc c:/program files (x86)/atmel/studio/7.0/toolchain/arm/arm-gnu-toolchain/bin/../lib/gcc/arm-none-eabi/5.3.1/../../../../arm-none-eabi/lib/armv7e-m\libc.a(lib_a-atexit.o)
                0x00000e80                atexit
 .text.__libc_fini_array
                0x00000e8c       0x28 c:/program files (x86)/atmel/studio/7.0/toolchain/arm/arm-gnu-toolchain/bin/../lib/gcc/arm-none-eabi/5.3.1/../../../../arm-none-eabi/lib/armv7e-m\libc.a(lib_a-fini.o)
                0x00000e8c                __libc_fini_array
 .text.__register_exitproc
                0x00000eb4       0xa4 c:/program files (x86)/atmel/studio/7.0/toolchain/arm/arm-gnu-toolchain/bin/../lib/gcc/arm-none-eabi/5.3.1/../../../../arm-none-eabi/lib/armv7e-m\libc.a(lib_a-__atexit.o)
                0x00000eb4                __register_exitproc
 *(.glue_7t)
 .glue_7t       0x00000f58        0x0 linker stubs
 *(.glue_7)
 .glue_7        0x00000f58        0x0 linker stubs
 *(.rodata .rodata* .gnu.linkonce.r.*)
 .rodata.str1.4
                0x00000f58        0x4 c:/program files (x86)/atmel/studio/7.0/toolchain/arm/arm-gnu-toolchain/bin/../lib/gcc/arm-none-eabi/5.3.1/../../../../arm-none-eabi/lib/armv7e-m\libc.a(lib_a-impure.o)
                                  0x2 (size before relaxing)
 .rodata._global_impure_ptr
                0x00000f5c        0x4 c:/program files (x86)/atmel/studio/7.0/toolchain/arm/arm-gnu-toolchain/bin/../lib/gcc/arm-none-eabi/5.3.1/../../../../arm-none-eabi/lib/armv7e-m\libc.a(lib_a-impure.o)
                0x00000f5c                _global_impure_ptr
 *(.ARM.extab* .gnu.linkonce.armextab.*)
                0x00000f60                . = ALIGN (0x4)
 *(.init)
 .init          0x00000f60        0x4 c:/program files (x86)/atmel/studio/7.0/toolchain/arm/arm-gnu-toolchain/bin/../lib/gcc/arm-none-eabi/5.3.1/armv7e-m/crti.o
                0x00000f60                _init
 .init          0x00000f64        0x8 c:/program files (x86)/atmel/studio/7.0/toolchain/arm/arm-gnu-toolchain/bin/../lib/gcc/arm-none-eabi/5.3.1/armv7e-m/crtn.o
                0x00000f6c                . = ALIGN (0x4)
                0x00000f6c                __preinit_array_start = .
 *(.preinit_array)
                0x00000f6c                __preinit_array_end = .
                0x00000f6c                . = ALIGN (0x4)
                0x00000f6c                __init_array_start = .
 *(SORT(.init_array.*))
 .init_array.00000
                0x00000f6c        0x4 c:/program files (x86)/atmel/studio/7.0/toolchain/arm/arm-gnu-toolchain/bin/../lib/gcc/arm-none-eabi/5.3.1/../../../../arm-none-eabi/lib/armv7e-m\libc.a(lib_a-__call_atexit.o)
 *(.init_array)
 .init_array    0x00000f70        0x4 c:/program files (x86)/atmel/studio/7.0/toolchain/arm/arm-gnu-toolchain/bin/../lib/gcc/arm-none-eabi/5.3.1/armv7e-m/crtbegin.o
                0x00000f74                __init_array_end = .
                0x00000f74                . = ALIGN (0x4)
 *crtbegin.o(.ctors)
 *(EXCLUDE_FILE(*crtend.o) .ctors)
 *(SORT(.ctors.*))
 *crtend.o(.ctors)
                0x00000f74                . = ALIGN (0x4)
 *(.fini)
 .fini          0x00000f74        0x4 c:/program files (x86)/atmel/studio/7.0/toolchain/arm/arm-gnu-toolchain/bin/../lib/gcc/arm-none-eabi/5.3.1/armv7e-m/crti.o
                0x00000f74                _fini
 .fini          0x00000f78        0x8 c:/program files (x86)/atmel/studio/7.0/toolchain/arm/arm-gnu-toolchain/bin/../lib/gcc/arm-none-eabi/5.3.1/armv7e-m/crtn.o
                0x00000f80                . = ALIGN (0x4)
                0x00000f80                __fini_array_start = .
 *(.fini_array)
 .fini_array    0x00000f80        0x4 c:/program files (x86)/atmel/studio/7.0/toolchain/arm/arm-gnu-toolchain/bin/../lib/gcc/arm-none-eabi/5.3.1/armv7e-m/crtbegin.o
 *(SORT(.fini_array.*))
                0x00000f84                __fini_array_end = .
 *crtbegin.o(.dtors)
 *(EXCLUDE_FILE(*crtend.o) .dtors)
 *(SORT(.dtors.*))
 *crtend.o(.dtors)
                0x00000f84                . = ALIGN (0x4)
                0x00000f84                _efixed = .
                [!provide]                PROVIDE (__exidx_start, .)

.vfp11_veneer   0x00000f84        0x0
 .vfp11_veneer  0x00000f84        0x0 linker stubs

.v4_bx          0x00000f84        0x0
 .v4_bx         0x00000f84        0x0 linker stubs

.iplt           0x00000f84        0x0
 .iplt          0x00000f84        0x0 c:/program files (x86)/atmel/studio/7.0/toolchain/arm/arm-gnu-toolchain/bin/../lib/gcc/arm-none-eabi/5.3.1/armv7e-m/crtbegin.o

.eh_frame       0x00000f84        0x0
 .eh_frame      0x00000f84        0x0 c:/program files (x86)/atmel/studio/7.0/toolchain/arm/arm-gnu-toolchain/bin/../lib/gcc/arm-none-eabi/5.3.1/armv7e-m/crtbegin.o

.rel.dyn        0x00000f84        0x0
 .rel.iplt      0x00000f84        0x0 c:/program files (x86)/atmel/studio/7.0/toolchain/arm/arm-gnu-toolchain/bin/../lib/gcc/arm-none-eabi/5.3.1/armv7e-m/crtbegin.o

.jcr            0x00000f84        0x0
 .jcr           0x00000f84        0x0 c:/program files (x86)/atmel/studio/7.0/toolchain/arm/arm-gnu-toolchain/bin/../lib/gcc/arm-none-eabi/5.3.1/armv7e-m/crtbegin.o

.igot.plt       0x00000f84        0x0
 .igot.plt      0x00000f84        0x0 c:/program files (x86)/atmel/studio/7.0/toolchain/arm/arm-gnu-toolchain/bin/../lib/gcc/arm-none-eabi/5.3.1/armv7e-m/crtbegin.o

.ARM.exidx
 *(.ARM.exidx* .gnu.linkonce.armexidx.*)
                [!provide]                PROVIDE (__exidx_end, .)
                0x00000f84                . = ALIGN (0x4)
                0x00000f84                _etext = .

.relocate       0x20000000      0x430 load address 0x00000f84
                0x20000000                . = ALIGN (0x4)
                0x20000000                _srelocate = .
 *(.ramfunc .ramfunc.*)
 *(.data .data.*)
 .data.g_interrupt_enabled
                0x20000000        0x1 src/ASF/common/utils/interrupt/interrupt_sam_nvic.o
                0x20000000                g_interrupt_enabled
 *fill*         0x20000001        0x7 
 .data.impure_data
                0x20000008      0x428 c:/program files (x86)/atmel/studio/7.0/toolchain/arm/arm-gnu-toolchain/bin/../lib/gcc/arm-none-eabi/5.3.1/../../../../arm-none-eabi/lib/armv7e-m\libc.a(lib_a-impure.o)
                0x20000430                . = ALIGN (0x4)
                0x20000430                _erelocate = .

.bss            0x20000430       0x1c load address 0x000013b4
                0x20000430                . = ALIGN (0x4)
                0x20000430                _sbss = .
                0x20000430                _szero = .
 *(.bss .bss.*)
 .bss           0x20000430       0x1c c:/program files (x86)/atmel/studio/7.0/toolchain/arm/arm-gnu-toolchain/bin/../lib/gcc/arm-none-eabi/5.3.1/armv7e-m/crtbegin.o
 *(COMMON)
                0x2000044c                . = ALIGN (0x4)
                0x2000044c                _ebss = .
                0x2000044c                _ezero = .

.stack          0x2000044c     0x1004 load address 0x000013d0
                0x20000450                . = ALIGN (0x8)
 *fill*         0x2000044c        0x4 
                0x20000450                _sstack = .
                0x20001450                . = (. + __stack_size__)
 *fill*         0x20000450     0x1000 
                0x20001450                . = ALIGN (0x8)
                0x20001450                _estack = .
                0x20001450                . = ALIGN (0x4)
                0x20001450                _end = .
OUTPUT(Lab1_Intro.elf elf32-littlearm)

.ARM.attributes
                0x00000000       0x2a
 .ARM.attributes
                0x00000000       0x1e c:/program files (x86)/atmel/studio/7.0/toolchain/arm/arm-gnu-toolchain/bin/../lib/gcc/arm-none-eabi/5.3.1/armv7e-m/crti.o
 .ARM.attributes
                0x0000001e       0x2e c:/program files (x86)/atmel/studio/7.0/toolchain/arm/arm-gnu-toolchain/bin/../lib/gcc/arm-none-eabi/5.3.1/armv7e-m/crtbegin.o
 .ARM.attributes
                0x0000004c       0x33 src/ASF/common/services/clock/sam4l/sysclk.o
 .ARM.attributes
                0x0000007f       0x33 src/ASF/common/utils/interrupt/interrupt_sam_nvic.o
 .ARM.attributes
                0x000000b2       0x33 src/ASF/sam/boards/sam4l_xplained_pro/init.o
 .ARM.attributes
                0x000000e5       0x33 src/ASF/sam/drivers/wdt/wdt_sam4l.o
 .ARM.attributes
                0x00000118       0x33 src/ASF/sam/utils/cmsis/sam4l/source/templates/exceptions.o
 .ARM.attributes
                0x0000014b       0x33 src/ASF/sam/utils/cmsis/sam4l/source/templates/gcc/startup_sam4l.o
 .ARM.attributes
                0x0000017e       0x33 src/main.o
 .ARM.attributes
                0x000001b1       0x2e c:/program files (x86)/atmel/studio/7.0/toolchain/arm/arm-gnu-toolchain/bin/../lib/gcc/arm-none-eabi/5.3.1/../../../../arm-none-eabi/lib/armv7e-m\libc.a(lib_a-impure.o)
 .ARM.attributes
                0x000001df       0x2e c:/program files (x86)/atmel/studio/7.0/toolchain/arm/arm-gnu-toolchain/bin/../lib/gcc/arm-none-eabi/5.3.1/../../../../arm-none-eabi/lib/armv7e-m\libc.a(lib_a-init.o)
 .ARM.attributes
                0x0000020d       0x2e c:/program files (x86)/atmel/studio/7.0/toolchain/arm/arm-gnu-toolchain/bin/../lib/gcc/arm-none-eabi/5.3.1/../../../../arm-none-eabi/lib/armv7e-m\libc.a(lib_a-__call_atexit.o)
 .ARM.attributes
                0x0000023b       0x2e c:/program files (x86)/atmel/studio/7.0/toolchain/arm/arm-gnu-toolchain/bin/../lib/gcc/arm-none-eabi/5.3.1/../../../../arm-none-eabi/lib/armv7e-m\libc.a(lib_a-atexit.o)
 .ARM.attributes
                0x00000269       0x2e c:/program files (x86)/atmel/studio/7.0/toolchain/arm/arm-gnu-toolchain/bin/../lib/gcc/arm-none-eabi/5.3.1/../../../../arm-none-eabi/lib/armv7e-m\libc.a(lib_a-fini.o)
 .ARM.attributes
                0x00000297       0x2e c:/program files (x86)/atmel/studio/7.0/toolchain/arm/arm-gnu-toolchain/bin/../lib/gcc/arm-none-eabi/5.3.1/../../../../arm-none-eabi/lib/armv7e-m\libc.a(lib_a-__atexit.o)
 .ARM.attributes
                0x000002c5       0x1e c:/program files (x86)/atmel/studio/7.0/toolchain/arm/arm-gnu-toolchain/bin/../lib/gcc/arm-none-eabi/5.3.1/armv7e-m/crtn.o

.comment        0x00000000       0x59
 .comment       0x00000000       0x59 src/ASF/common/services/clock/sam4l/sysclk.o
                                 0x5a (size before relaxing)
 .comment       0x00000059       0x5a src/ASF/common/utils/interrupt/interrupt_sam_nvic.o
 .comment       0x00000059       0x5a src/ASF/sam/boards/sam4l_xplained_pro/init.o
 .comment       0x00000059       0x5a src/ASF/sam/drivers/wdt/wdt_sam4l.o
 .comment       0x00000059       0x5a src/ASF/sam/utils/cmsis/sam4l/source/templates/exceptions.o
 .comment       0x00000059       0x5a src/ASF/sam/utils/cmsis/sam4l/source/templates/gcc/startup_sam4l.o
 .comment       0x00000059       0x5a src/main.o

.debug_info     0x00000000     0x5083
 .debug_info    0x00000000     0x2b93 src/ASF/common/services/clock/sam4l/sysclk.o
 .debug_info    0x00002b93      0x1e4 src/ASF/common/utils/interrupt/interrupt_sam_nvic.o
 .debug_info    0x00002d77      0xe49 src/ASF/sam/boards/sam4l_xplained_pro/init.o
 .debug_info    0x00003bc0      0x66e src/ASF/sam/drivers/wdt/wdt_sam4l.o
 .debug_info    0x0000422e       0xbb src/ASF/sam/utils/cmsis/sam4l/source/templates/exceptions.o
 .debug_info    0x000042e9      0x383 src/ASF/sam/utils/cmsis/sam4l/source/templates/gcc/startup_sam4l.o
 .debug_info    0x0000466c      0xa17 src/main.o

.debug_abbrev   0x00000000      0xbea
 .debug_abbrev  0x00000000      0x380 src/ASF/common/services/clock/sam4l/sysclk.o
 .debug_abbrev  0x00000380       0xed src/ASF/common/utils/interrupt/interrupt_sam_nvic.o
 .debug_abbrev  0x0000046d      0x228 src/ASF/sam/boards/sam4l_xplained_pro/init.o
 .debug_abbrev  0x00000695      0x21f src/ASF/sam/drivers/wdt/wdt_sam4l.o
 .debug_abbrev  0x000008b4       0x6f src/ASF/sam/utils/cmsis/sam4l/source/templates/exceptions.o
 .debug_abbrev  0x00000923      0x10c src/ASF/sam/utils/cmsis/sam4l/source/templates/gcc/startup_sam4l.o
 .debug_abbrev  0x00000a2f      0x1bb src/main.o

.debug_loc      0x00000000     0x1857
 .debug_loc     0x00000000     0x147d src/ASF/common/services/clock/sam4l/sysclk.o
 .debug_loc     0x0000147d       0xdc src/ASF/sam/boards/sam4l_xplained_pro/init.o
 .debug_loc     0x00001559      0x1d9 src/ASF/sam/drivers/wdt/wdt_sam4l.o
 .debug_loc     0x00001732       0x5e src/ASF/sam/utils/cmsis/sam4l/source/templates/gcc/startup_sam4l.o
 .debug_loc     0x00001790       0xc7 src/main.o

.debug_aranges  0x00000000      0x180
 .debug_aranges
                0x00000000       0x88 src/ASF/common/services/clock/sam4l/sysclk.o
 .debug_aranges
                0x00000088       0x28 src/ASF/common/utils/interrupt/interrupt_sam_nvic.o
 .debug_aranges
                0x000000b0       0x20 src/ASF/sam/boards/sam4l_xplained_pro/init.o
 .debug_aranges
                0x000000d0       0x50 src/ASF/sam/drivers/wdt/wdt_sam4l.o
 .debug_aranges
                0x00000120       0x20 src/ASF/sam/utils/cmsis/sam4l/source/templates/exceptions.o
 .debug_aranges
                0x00000140       0x20 src/ASF/sam/utils/cmsis/sam4l/source/templates/gcc/startup_sam4l.o
 .debug_aranges
                0x00000160       0x20 src/main.o

.debug_ranges   0x00000000      0x140
 .debug_ranges  0x00000000       0x78 src/ASF/common/services/clock/sam4l/sysclk.o
 .debug_ranges  0x00000078       0x18 src/ASF/common/utils/interrupt/interrupt_sam_nvic.o
 .debug_ranges  0x00000090       0x10 src/ASF/sam/boards/sam4l_xplained_pro/init.o
 .debug_ranges  0x000000a0       0x40 src/ASF/sam/drivers/wdt/wdt_sam4l.o
 .debug_ranges  0x000000e0       0x10 src/ASF/sam/utils/cmsis/sam4l/source/templates/exceptions.o
 .debug_ranges  0x000000f0       0x10 src/ASF/sam/utils/cmsis/sam4l/source/templates/gcc/startup_sam4l.o
 .debug_ranges  0x00000100       0x40 src/main.o

.debug_macro    0x00000000     0x2f3f
 .debug_macro   0x00000000      0x6a3 src/ASF/common/services/clock/sam4l/sysclk.o
 .debug_macro   0x000006a3      0x211 src/ASF/common/services/clock/sam4l/sysclk.o
 .debug_macro   0x000008b4      0x130 src/ASF/common/services/clock/sam4l/sysclk.o
 .debug_macro   0x000009e4       0x47 src/ASF/common/services/clock/sam4l/sysclk.o
 .debug_macro   0x00000a2b       0xce src/ASF/common/services/clock/sam4l/sysclk.o
 .debug_macro   0x00000af9      0x5ad src/ASF/common/utils/interrupt/interrupt_sam_nvic.o
 .debug_macro   0x000010a6      0x685 src/ASF/sam/boards/sam4l_xplained_pro/init.o
 .debug_macro   0x0000172b      0x217 src/ASF/sam/boards/sam4l_xplained_pro/init.o
 .debug_macro   0x00001942       0x8e src/ASF/sam/boards/sam4l_xplained_pro/init.o
 .debug_macro   0x000019d0       0x32 src/ASF/sam/boards/sam4l_xplained_pro/init.o
 .debug_macro   0x00001a02      0x675 src/ASF/sam/drivers/wdt/wdt_sam4l.o
 .debug_macro   0x00002077       0x2c src/ASF/sam/drivers/wdt/wdt_sam4l.o
 .debug_macro   0x000020a3      0x3df src/ASF/sam/utils/cmsis/sam4l/source/templates/exceptions.o
 .debug_macro   0x00002482      0x3df src/ASF/sam/utils/cmsis/sam4l/source/templates/gcc/startup_sam4l.o
 .debug_macro   0x00002861      0x6c2 src/main.o
 .debug_macro   0x00002f23       0x1c src/main.o

.debug_line     0x00000000     0x5e56
 .debug_line    0x00000000     0x12b8 src/ASF/common/services/clock/sam4l/sysclk.o
 .debug_line    0x000012b8      0xc65 src/ASF/common/utils/interrupt/interrupt_sam_nvic.o
 .debug_line    0x00001f1d      0xe06 src/ASF/sam/boards/sam4l_xplained_pro/init.o
 .debug_line    0x00002d23      0xe4e src/ASF/sam/drivers/wdt/wdt_sam4l.o
 .debug_line    0x00003b71      0x9f3 src/ASF/sam/utils/cmsis/sam4l/source/templates/exceptions.o
 .debug_line    0x00004564      0xa3b src/ASF/sam/utils/cmsis/sam4l/source/templates/gcc/startup_sam4l.o
 .debug_line    0x00004f9f      0xeb7 src/main.o

.debug_str      0x00000000    0xe40a4
 .debug_str     0x00000000    0xe30ce src/ASF/common/services/clock/sam4l/sysclk.o
                              0xe3a31 (size before relaxing)
 .debug_str     0x000e30ce       0x65 src/ASF/common/utils/interrupt/interrupt_sam_nvic.o
                              0xde00b (size before relaxing)
 .debug_str     0x000e3133      0xc21 src/ASF/sam/boards/sam4l_xplained_pro/init.o
                              0xe3060 (size before relaxing)
 .debug_str     0x000e3d54       0xc1 src/ASF/sam/drivers/wdt/wdt_sam4l.o
                              0xe288b (size before relaxing)
 .debug_str     0x000e3e15       0x64 src/ASF/sam/utils/cmsis/sam4l/source/templates/exceptions.o
                              0xceab0 (size before relaxing)
 .debug_str     0x000e3e79      0x110 src/ASF/sam/utils/cmsis/sam4l/source/templates/gcc/startup_sam4l.o
                              0xceb99 (size before relaxing)
 .debug_str     0x000e3f89      0x11b src/main.o
                              0xe3374 (size before relaxing)

.debug_frame    0x00000000      0x43c
 .debug_frame   0x00000000      0x1b0 src/ASF/common/services/clock/sam4l/sysclk.o
 .debug_frame   0x000001b0       0x30 src/ASF/common/utils/interrupt/interrupt_sam_nvic.o
 .debug_frame   0x000001e0       0x2c src/ASF/sam/boards/sam4l_xplained_pro/init.o
 .debug_frame   0x0000020c       0xb4 src/ASF/sam/drivers/wdt/wdt_sam4l.o
 .debug_frame   0x000002c0       0x20 src/ASF/sam/utils/cmsis/sam4l/source/templates/exceptions.o
 .debug_frame   0x000002e0       0x28 src/ASF/sam/utils/cmsis/sam4l/source/templates/gcc/startup_sam4l.o
 .debug_frame   0x00000308       0x30 src/main.o
 .debug_frame   0x00000338       0x2c c:/program files (x86)/atmel/studio/7.0/toolchain/arm/arm-gnu-toolchain/bin/../lib/gcc/arm-none-eabi/5.3.1/../../../../arm-none-eabi/lib/armv7e-m\libc.a(lib_a-init.o)
 .debug_frame   0x00000364       0x50 c:/program files (x86)/atmel/studio/7.0/toolchain/arm/arm-gnu-toolchain/bin/../lib/gcc/arm-none-eabi/5.3.1/../../../../arm-none-eabi/lib/armv7e-m\libc.a(lib_a-__call_atexit.o)
 .debug_frame   0x000003b4       0x20 c:/program files (x86)/atmel/studio/7.0/toolchain/arm/arm-gnu-toolchain/bin/../lib/gcc/arm-none-eabi/5.3.1/../../../../arm-none-eabi/lib/armv7e-m\libc.a(lib_a-atexit.o)
 .debug_frame   0x000003d4       0x34 c:/program files (x86)/atmel/studio/7.0/toolchain/arm/arm-gnu-toolchain/bin/../lib/gcc/arm-none-eabi/5.3.1/../../../../arm-none-eabi/lib/armv7e-m\libc.a(lib_a-fini.o)
 .debug_frame   0x00000408       0x34 c:/program files (x86)/atmel/studio/7.0/toolchain/arm/arm-gnu-toolchain/bin/../lib/gcc/arm-none-eabi/5.3.1/../../../../arm-none-eabi/lib/armv7e-m\libc.a(lib_a-__atexit.o)

Cross Reference Table

Symbol                                            File
ABDACB_Handler                                    src/ASF/sam/utils/cmsis/sam4l/source/templates/exceptions.o
                                                  src/ASF/sam/utils/cmsis/sam4l/source/templates/gcc/startup_sam4l.o
ACIFC_Handler                                     src/ASF/sam/utils/cmsis/sam4l/source/templates/exceptions.o
                                                  src/ASF/sam/utils/cmsis/sam4l/source/templates/gcc/startup_sam4l.o
ADCIFE_Handler                                    src/ASF/sam/utils/cmsis/sam4l/source/templates/exceptions.o
                                                  src/ASF/sam/utils/cmsis/sam4l/source/templates/gcc/startup_sam4l.o
AESA_Handler                                      src/ASF/sam/utils/cmsis/sam4l/source/templates/exceptions.o
                                                  src/ASF/sam/utils/cmsis/sam4l/source/templates/gcc/startup_sam4l.o
AST_ALARM_Handler                                 src/ASF/sam/utils/cmsis/sam4l/source/templates/exceptions.o
                                                  src/ASF/sam/utils/cmsis/sam4l/source/templates/gcc/startup_sam4l.o
AST_CLKREADY_Handler                              src/ASF/sam/utils/cmsis/sam4l/source/templates/exceptions.o
                                                  src/ASF/sam/utils/cmsis/sam4l/source/templates/gcc/startup_sam4l.o
AST_OVF_Handler                                   src/ASF/sam/utils/cmsis/sam4l/source/templates/exceptions.o
                                                  src/ASF/sam/utils/cmsis/sam4l/source/templates/gcc/startup_sam4l.o
AST_PER_Handler                                   src/ASF/sam/utils/cmsis/sam4l/source/templates/exceptions.o
                                                  src/ASF/sam/utils/cmsis/sam4l/source/templates/gcc/startup_sam4l.o
AST_READY_Handler                                 src/ASF/sam/utils/cmsis/sam4l/source/templates/exceptions.o
                                                  src/ASF/sam/utils/cmsis/sam4l/source/templates/gcc/startup_sam4l.o
BPM_Handler                                       src/ASF/sam/utils/cmsis/sam4l/source/templates/exceptions.o
                                                  src/ASF/sam/utils/cmsis/sam4l/source/templates/gcc/startup_sam4l.o
BSCIF_Handler                                     src/ASF/sam/utils/cmsis/sam4l/source/templates/exceptions.o
                                                  src/ASF/sam/utils/cmsis/sam4l/source/templates/gcc/startup_sam4l.o
BusFault_Handler                                  src/ASF/sam/utils/cmsis/sam4l/source/templates/exceptions.o
                                                  src/ASF/sam/utils/cmsis/sam4l/source/templates/gcc/startup_sam4l.o
CATB_Handler                                      src/ASF/sam/utils/cmsis/sam4l/source/templates/exceptions.o
                                                  src/ASF/sam/utils/cmsis/sam4l/source/templates/gcc/startup_sam4l.o
CRCCU_Handler                                     src/ASF/sam/utils/cmsis/sam4l/source/templates/exceptions.o
                                                  src/ASF/sam/utils/cmsis/sam4l/source/templates/gcc/startup_sam4l.o
DACC_Handler                                      src/ASF/sam/utils/cmsis/sam4l/source/templates/exceptions.o
                                                  src/ASF/sam/utils/cmsis/sam4l/source/templates/gcc/startup_sam4l.o
DebugMon_Handler                                  src/ASF/sam/utils/cmsis/sam4l/source/templates/exceptions.o
                                                  src/ASF/sam/utils/cmsis/sam4l/source/templates/gcc/startup_sam4l.o
Dummy_Handler                                     src/ASF/sam/utils/cmsis/sam4l/source/templates/exceptions.o
                                                  src/ASF/sam/utils/cmsis/sam4l/source/templates/gcc/startup_sam4l.o
EIC_1_Handler                                     src/ASF/sam/utils/cmsis/sam4l/source/templates/exceptions.o
                                                  src/ASF/sam/utils/cmsis/sam4l/source/templates/gcc/startup_sam4l.o
EIC_2_Handler                                     src/ASF/sam/utils/cmsis/sam4l/source/templates/exceptions.o
                                                  src/ASF/sam/utils/cmsis/sam4l/source/templates/gcc/startup_sam4l.o
EIC_3_Handler                                     src/ASF/sam/utils/cmsis/sam4l/source/templates/exceptions.o
                                                  src/ASF/sam/utils/cmsis/sam4l/source/templates/gcc/startup_sam4l.o
EIC_4_Handler                                     src/ASF/sam/utils/cmsis/sam4l/source/templates/exceptions.o
                                                  src/ASF/sam/utils/cmsis/sam4l/source/templates/gcc/startup_sam4l.o
EIC_5_Handler                                     src/ASF/sam/utils/cmsis/sam4l/source/templates/exceptions.o
                                                  src/ASF/sam/utils/cmsis/sam4l/source/templates/gcc/startup_sam4l.o
EIC_6_Handler                                     src/ASF/sam/utils/cmsis/sam4l/source/templates/exceptions.o
                                                  src/ASF/sam/utils/cmsis/sam4l/source/templates/gcc/startup_sam4l.o
EIC_7_Handler                                     src/ASF/sam/utils/cmsis/sam4l/source/templates/exceptions.o
                                                  src/ASF/sam/utils/cmsis/sam4l/source/templates/gcc/startup_sam4l.o
EIC_8_Handler                                     src/ASF/sam/utils/cmsis/sam4l/source/templates/exceptions.o
                                                  src/ASF/sam/utils/cmsis/sam4l/source/templates/gcc/startup_sam4l.o
FREQM_Handler                                     src/ASF/sam/utils/cmsis/sam4l/source/templates/exceptions.o
                                                  src/ASF/sam/utils/cmsis/sam4l/source/templates/gcc/startup_sam4l.o
GPIO_0_Handler                                    src/ASF/sam/utils/cmsis/sam4l/source/templates/exceptions.o
                                                  src/ASF/sam/utils/cmsis/sam4l/source/templates/gcc/startup_sam4l.o
GPIO_10_Handler                                   src/ASF/sam/utils/cmsis/sam4l/source/templates/exceptions.o
                                                  src/ASF/sam/utils/cmsis/sam4l/source/templates/gcc/startup_sam4l.o
GPIO_11_Handler                                   src/ASF/sam/utils/cmsis/sam4l/source/templates/exceptions.o
                                                  src/ASF/sam/utils/cmsis/sam4l/source/templates/gcc/startup_sam4l.o
GPIO_1_Handler                                    src/ASF/sam/utils/cmsis/sam4l/source/templates/exceptions.o
                                                  src/ASF/sam/utils/cmsis/sam4l/source/templates/gcc/startup_sam4l.o
GPIO_2_Handler                                    src/ASF/sam/utils/cmsis/sam4l/source/templates/exceptions.o
                                                  src/ASF/sam/utils/cmsis/sam4l/source/templates/gcc/startup_sam4l.o
GPIO_3_Handler                                    src/ASF/sam/utils/cmsis/sam4l/source/templates/exceptions.o
                                                  src/ASF/sam/utils/cmsis/sam4l/source/templates/gcc/startup_sam4l.o
GPIO_4_Handler                                    src/ASF/sam/utils/cmsis/sam4l/source/templates/exceptions.o
                                                  src/ASF/sam/utils/cmsis/sam4l/source/templates/gcc/startup_sam4l.o
GPIO_5_Handler                                    src/ASF/sam/utils/cmsis/sam4l/source/templates/exceptions.o
                                                  src/ASF/sam/utils/cmsis/sam4l/source/templates/gcc/startup_sam4l.o
GPIO_6_Handler                                    src/ASF/sam/utils/cmsis/sam4l/source/templates/exceptions.o
                                                  src/ASF/sam/utils/cmsis/sam4l/source/templates/gcc/startup_sam4l.o
GPIO_7_Handler                                    src/ASF/sam/utils/cmsis/sam4l/source/templates/exceptions.o
                                                  src/ASF/sam/utils/cmsis/sam4l/source/templates/gcc/startup_sam4l.o
GPIO_8_Handler                                    src/ASF/sam/utils/cmsis/sam4l/source/templates/exceptions.o
                                                  src/ASF/sam/utils/cmsis/sam4l/source/templates/gcc/startup_sam4l.o
GPIO_9_Handler                                    src/ASF/sam/utils/cmsis/sam4l/source/templates/exceptions.o
                                                  src/ASF/sam/utils/cmsis/sam4l/source/templates/gcc/startup_sam4l.o
HFLASHC_Handler                                   src/ASF/sam/utils/cmsis/sam4l/source/templates/exceptions.o
                                                  src/ASF/sam/utils/cmsis/sam4l/source/templates/gcc/startup_sam4l.o
HardFault_Handler                                 src/ASF/sam/utils/cmsis/sam4l/source/templates/exceptions.o
                                                  src/ASF/sam/utils/cmsis/sam4l/source/templates/gcc/startup_sam4l.o
IISC_Handler                                      src/ASF/sam/utils/cmsis/sam4l/source/templates/exceptions.o
                                                  src/ASF/sam/utils/cmsis/sam4l/source/templates/gcc/startup_sam4l.o
LCDCA_Handler                                     src/ASF/sam/utils/cmsis/sam4l/source/templates/exceptions.o
                                                  src/ASF/sam/utils/cmsis/sam4l/source/templates/gcc/startup_sam4l.o
MemManage_Handler                                 src/ASF/sam/utils/cmsis/sam4l/source/templates/exceptions.o
                                                  src/ASF/sam/utils/cmsis/sam4l/source/templates/gcc/startup_sam4l.o
NMI_Handler                                       src/ASF/sam/utils/cmsis/sam4l/source/templates/exceptions.o
                                                  src/ASF/sam/utils/cmsis/sam4l/source/templates/gcc/startup_sam4l.o
PARC_Handler                                      src/ASF/sam/utils/cmsis/sam4l/source/templates/exceptions.o
                                                  src/ASF/sam/utils/cmsis/sam4l/source/templates/gcc/startup_sam4l.o
PDCA_0_Handler                                    src/ASF/sam/utils/cmsis/sam4l/source/templates/exceptions.o
                                                  src/ASF/sam/utils/cmsis/sam4l/source/templates/gcc/startup_sam4l.o
PDCA_10_Handler                                   src/ASF/sam/utils/cmsis/sam4l/source/templates/exceptions.o
                                                  src/ASF/sam/utils/cmsis/sam4l/source/templates/gcc/startup_sam4l.o
PDCA_11_Handler                                   src/ASF/sam/utils/cmsis/sam4l/source/templates/exceptions.o
                                                  src/ASF/sam/utils/cmsis/sam4l/source/templates/gcc/startup_sam4l.o
PDCA_12_Handler                                   src/ASF/sam/utils/cmsis/sam4l/source/templates/exceptions.o
                                                  src/ASF/sam/utils/cmsis/sam4l/source/templates/gcc/startup_sam4l.o
PDCA_13_Handler                                   src/ASF/sam/utils/cmsis/sam4l/source/templates/exceptions.o
                                                  src/ASF/sam/utils/cmsis/sam4l/source/templates/gcc/startup_sam4l.o
PDCA_14_Handler                                   src/ASF/sam/utils/cmsis/sam4l/source/templates/exceptions.o
                                                  src/ASF/sam/utils/cmsis/sam4l/source/templates/gcc/startup_sam4l.o
PDCA_15_Handler                                   src/ASF/sam/utils/cmsis/sam4l/source/templates/exceptions.o
                                                  src/ASF/sam/utils/cmsis/sam4l/source/templates/gcc/startup_sam4l.o
PDCA_1_Handler                                    src/ASF/sam/utils/cmsis/sam4l/source/templates/exceptions.o
                                                  src/ASF/sam/utils/cmsis/sam4l/source/templates/gcc/startup_sam4l.o
PDCA_2_Handler                                    src/ASF/sam/utils/cmsis/sam4l/source/templates/exceptions.o
                                                  src/ASF/sam/utils/cmsis/sam4l/source/templates/gcc/startup_sam4l.o
PDCA_3_Handler                                    src/ASF/sam/utils/cmsis/sam4l/source/templates/exceptions.o
                                                  src/ASF/sam/utils/cmsis/sam4l/source/templates/gcc/startup_sam4l.o
PDCA_4_Handler                                    src/ASF/sam/utils/cmsis/sam4l/source/templates/exceptions.o
                                                  src/ASF/sam/utils/cmsis/sam4l/source/templates/gcc/startup_sam4l.o
PDCA_5_Handler                                    src/ASF/sam/utils/cmsis/sam4l/source/templates/exceptions.o
                                                  src/ASF/sam/utils/cmsis/sam4l/source/templates/gcc/startup_sam4l.o
PDCA_6_Handler                                    src/ASF/sam/utils/cmsis/sam4l/source/templates/exceptions.o
                                                  src/ASF/sam/utils/cmsis/sam4l/source/templates/gcc/startup_sam4l.o
PDCA_7_Handler                                    src/ASF/sam/utils/cmsis/sam4l/source/templates/exceptions.o
                                                  src/ASF/sam/utils/cmsis/sam4l/source/templates/gcc/startup_sam4l.o
PDCA_8_Handler                                    src/ASF/sam/utils/cmsis/sam4l/source/templates/exceptions.o
                                                  src/ASF/sam/utils/cmsis/sam4l/source/templates/gcc/startup_sam4l.o
PDCA_9_Handler                                    src/ASF/sam/utils/cmsis/sam4l/source/templates/exceptions.o
                                                  src/ASF/sam/utils/cmsis/sam4l/source/templates/gcc/startup_sam4l.o
PEVC_OV_Handler                                   src/ASF/sam/utils/cmsis/sam4l/source/templates/exceptions.o
                                                  src/ASF/sam/utils/cmsis/sam4l/source/templates/gcc/startup_sam4l.o
PEVC_TR_Handler                                   src/ASF/sam/utils/cmsis/sam4l/source/templates/exceptions.o
                                                  src/ASF/sam/utils/cmsis/sam4l/source/templates/gcc/startup_sam4l.o
PM_Handler                                        src/ASF/sam/utils/cmsis/sam4l/source/templates/exceptions.o
                                                  src/ASF/sam/utils/cmsis/sam4l/source/templates/gcc/startup_sam4l.o
PendSV_Handler                                    src/ASF/sam/utils/cmsis/sam4l/source/templates/exceptions.o
                                                  src/ASF/sam/utils/cmsis/sam4l/source/templates/gcc/startup_sam4l.o
Reset_Handler                                     src/ASF/sam/utils/cmsis/sam4l/source/templates/gcc/startup_sam4l.o
                                                  src/ASF/sam/utils/cmsis/sam4l/source/templates/exceptions.o
SCIF_Handler                                      src/ASF/sam/utils/cmsis/sam4l/source/templates/exceptions.o
                                                  src/ASF/sam/utils/cmsis/sam4l/source/templates/gcc/startup_sam4l.o
SPI_Handler                                       src/ASF/sam/utils/cmsis/sam4l/source/templates/exceptions.o
                                                  src/ASF/sam/utils/cmsis/sam4l/source/templates/gcc/startup_sam4l.o
SVC_Handler                                       src/ASF/sam/utils/cmsis/sam4l/source/templates/exceptions.o
                                                  src/ASF/sam/utils/cmsis/sam4l/source/templates/gcc/startup_sam4l.o
SysTick_Handler                                   src/ASF/sam/utils/cmsis/sam4l/source/templates/exceptions.o
                                                  src/ASF/sam/utils/cmsis/sam4l/source/templates/gcc/startup_sam4l.o
SystemCoreClock                                   src/ASF/sam/utils/cmsis/sam4l/source/templates/system_sam4l.o
SystemCoreClockUpdate                             src/ASF/sam/utils/cmsis/sam4l/source/templates/system_sam4l.o
SystemInit                                        src/ASF/sam/utils/cmsis/sam4l/source/templates/system_sam4l.o
TC00_Handler                                      src/ASF/sam/utils/cmsis/sam4l/source/templates/exceptions.o
                                                  src/ASF/sam/utils/cmsis/sam4l/source/templates/gcc/startup_sam4l.o
TC01_Handler                                      src/ASF/sam/utils/cmsis/sam4l/source/templates/exceptions.o
                                                  src/ASF/sam/utils/cmsis/sam4l/source/templates/gcc/startup_sam4l.o
TC02_Handler                                      src/ASF/sam/utils/cmsis/sam4l/source/templates/exceptions.o
                                                  src/ASF/sam/utils/cmsis/sam4l/source/templates/gcc/startup_sam4l.o
TC10_Handler                                      src/ASF/sam/utils/cmsis/sam4l/source/templates/exceptions.o
                                                  src/ASF/sam/utils/cmsis/sam4l/source/templates/gcc/startup_sam4l.o
TC11_Handler                                      src/ASF/sam/utils/cmsis/sam4l/source/templates/exceptions.o
                                                  src/ASF/sam/utils/cmsis/sam4l/source/templates/gcc/startup_sam4l.o
TC12_Handler                                      src/ASF/sam/utils/cmsis/sam4l/source/templates/exceptions.o
                                                  src/ASF/sam/utils/cmsis/sam4l/source/templates/gcc/startup_sam4l.o
TRNG_Handler                                      src/ASF/sam/utils/cmsis/sam4l/source/templates/exceptions.o
                                                  src/ASF/sam/utils/cmsis/sam4l/source/templates/gcc/startup_sam4l.o
TWIM0_Handler                                     src/ASF/sam/utils/cmsis/sam4l/source/templates/exceptions.o
                                                  src/ASF/sam/utils/cmsis/sam4l/source/templates/gcc/startup_sam4l.o
TWIM1_Handler                                     src/ASF/sam/utils/cmsis/sam4l/source/templates/exceptions.o
                                                  src/ASF/sam/utils/cmsis/sam4l/source/templates/gcc/startup_sam4l.o
TWIM2_Handler                                     src/ASF/sam/utils/cmsis/sam4l/source/templates/exceptions.o
                                                  src/ASF/sam/utils/cmsis/sam4l/source/templates/gcc/startup_sam4l.o
TWIM3_Handler                                     src/ASF/sam/utils/cmsis/sam4l/source/templates/exceptions.o
                                                  src/ASF/sam/utils/cmsis/sam4l/source/templates/gcc/startup_sam4l.o
TWIS0_Handler                                     src/ASF/sam/utils/cmsis/sam4l/source/templates/exceptions.o
                                                  src/ASF/sam/utils/cmsis/sam4l/source/templates/gcc/startup_sam4l.o
TWIS1_Handler                                     src/ASF/sam/utils/cmsis/sam4l/source/templates/exceptions.o
                                                  src/ASF/sam/utils/cmsis/sam4l/source/templates/gcc/startup_sam4l.o
USART0_Handler                                    src/ASF/sam/utils/cmsis/sam4l/source/templates/exceptions.o
                                                  src/ASF/sam/utils/cmsis/sam4l/source/templates/gcc/startup_sam4l.o
USART1_Handler                                    src/ASF/sam/utils/cmsis/sam4l/source/templates/exceptions.o
                                                  src/ASF/sam/utils/cmsis/sam4l/source/templates/gcc/startup_sam4l.o
USART2_Handler                                    src/ASF/sam/utils/cmsis/sam4l/source/templates/exceptions.o
                                                  src/ASF/sam/utils/cmsis/sam4l/source/templates/gcc/startup_sam4l.o
USART3_Handler                                    src/ASF/sam/utils/cmsis/sam4l/source/templates/exceptions.o
                                                  src/ASF/sam/utils/cmsis/sam4l/source/templates/gcc/startup_sam4l.o
USBC_Handler                                      src/ASF/sam/utils/cmsis/sam4l/source/templates/exceptions.o
                                                  src/ASF/sam/utils/cmsis/sam4l/source/templates/gcc/startup_sam4l.o
UsageFault_Handler                                src/ASF/sam/utils/cmsis/sam4l/source/templates/exceptions.o
                                                  src/ASF/sam/utils/cmsis/sam4l/source/templates/gcc/startup_sam4l.o
WDT_Handler                                       src/ASF/sam/utils/cmsis/sam4l/source/templates/exceptions.o
                                                  src/ASF/sam/utils/cmsis/sam4l/source/templates/gcc/startup_sam4l.o
_Jv_RegisterClasses                               c:/program files (x86)/atmel/studio/7.0/toolchain/arm/arm-gnu-toolchain/bin/../lib/gcc/arm-none-eabi/5.3.1/armv7e-m/crtbegin.o
_PathLocale                                       c:/program files (x86)/atmel/studio/7.0/toolchain/arm/arm-gnu-toolchain/bin/../lib/gcc/arm-none-eabi/5.3.1/../../../../arm-none-eabi/lib/armv7e-m\libc.a(lib_a-locale.o)
__aeabi_idiv0                                     c:/program files (x86)/atmel/studio/7.0/toolchain/arm/arm-gnu-toolchain/bin/../lib/gcc/arm-none-eabi/5.3.1/armv7e-m\libgcc.a(_dvmd_tls.o)
__aeabi_ldiv0                                     c:/program files (x86)/atmel/studio/7.0/toolchain/arm/arm-gnu-toolchain/bin/../lib/gcc/arm-none-eabi/5.3.1/armv7e-m\libgcc.a(_dvmd_tls.o)
                                                  c:/program files (x86)/atmel/studio/7.0/toolchain/arm/arm-gnu-toolchain/bin/../lib/gcc/arm-none-eabi/5.3.1/armv7e-m\libgcc.a(_aeabi_uldivmod.o)
__aeabi_uldivmod                                  c:/program files (x86)/atmel/studio/7.0/toolchain/arm/arm-gnu-toolchain/bin/../lib/gcc/arm-none-eabi/5.3.1/armv7e-m\libgcc.a(_aeabi_uldivmod.o)
                                                  c:/program files (x86)/atmel/studio/7.0/toolchain/arm/arm-gnu-toolchain/bin/../lib/gcc/arm-none-eabi/5.3.1/../../../../arm-none-eabi/lib/armv7e-m\libc.a(lib_a-vfiprintf.o)
__ascii_wctomb                                    c:/program files (x86)/atmel/studio/7.0/toolchain/arm/arm-gnu-toolchain/bin/../lib/gcc/arm-none-eabi/5.3.1/../../../../arm-none-eabi/lib/armv7e-m\libc.a(lib_a-wctomb_r.o)
__bss_end__                                       c:/program files (x86)/atmel/studio/7.0/toolchain/arm/arm-gnu-toolchain/bin/../lib/gcc/arm-none-eabi/5.3.1/../../../../arm-none-eabi/lib/armv7e-m/crt0.o
__bss_start__                                     c:/program files (x86)/atmel/studio/7.0/toolchain/arm/arm-gnu-toolchain/bin/../lib/gcc/arm-none-eabi/5.3.1/../../../../arm-none-eabi/lib/armv7e-m/crt0.o
__call_exitprocs                                  c:/program files (x86)/atmel/studio/7.0/toolchain/arm/arm-gnu-toolchain/bin/../lib/gcc/arm-none-eabi/5.3.1/../../../../arm-none-eabi/lib/armv7e-m\libc.a(lib_a-__call_atexit.o)
                                                  c:/program files (x86)/atmel/studio/7.0/toolchain/arm/arm-gnu-toolchain/bin/../lib/gcc/arm-none-eabi/5.3.1/../../../../arm-none-eabi/lib/armv7e-m\libc.a(lib_a-exit.o)
__deregister_frame_info                           c:/program files (x86)/atmel/studio/7.0/toolchain/arm/arm-gnu-toolchain/bin/../lib/gcc/arm-none-eabi/5.3.1/armv7e-m/crtbegin.o
__dso_handle                                      c:/program files (x86)/atmel/studio/7.0/toolchain/arm/arm-gnu-toolchain/bin/../lib/gcc/arm-none-eabi/5.3.1/armv7e-m/crtbegin.o
__fini_array_end                                  c:/program files (x86)/atmel/studio/7.0/toolchain/arm/arm-gnu-toolchain/bin/../lib/gcc/arm-none-eabi/5.3.1/../../../../arm-none-eabi/lib/armv7e-m\libc.a(lib_a-fini.o)
__fini_array_start                                c:/program files (x86)/atmel/studio/7.0/toolchain/arm/arm-gnu-toolchain/bin/../lib/gcc/arm-none-eabi/5.3.1/../../../../arm-none-eabi/lib/armv7e-m\libc.a(lib_a-fini.o)
__fp_lock_all                                     c:/program files (x86)/atmel/studio/7.0/toolchain/arm/arm-gnu-toolchain/bin/../lib/gcc/arm-none-eabi/5.3.1/../../../../arm-none-eabi/lib/armv7e-m\libc.a(lib_a-findfp.o)
__fp_unlock_all                                   c:/program files (x86)/atmel/studio/7.0/toolchain/arm/arm-gnu-toolchain/bin/../lib/gcc/arm-none-eabi/5.3.1/../../../../arm-none-eabi/lib/armv7e-m\libc.a(lib_a-findfp.o)
__fputwc                                          c:/program files (x86)/atmel/studio/7.0/toolchain/arm/arm-gnu-toolchain/bin/../lib/gcc/arm-none-eabi/5.3.1/../../../../arm-none-eabi/lib/armv7e-m\libc.a(lib_a-fputwc.o)
__init_array_end                                  c:/program files (x86)/atmel/studio/7.0/toolchain/arm/arm-gnu-toolchain/bin/../lib/gcc/arm-none-eabi/5.3.1/../../../../arm-none-eabi/lib/armv7e-m\libc.a(lib_a-init.o)
__init_array_start                                c:/program files (x86)/atmel/studio/7.0/toolchain/arm/arm-gnu-toolchain/bin/../lib/gcc/arm-none-eabi/5.3.1/../../../../arm-none-eabi/lib/armv7e-m\libc.a(lib_a-init.o)
__libc_fini                                       c:/program files (x86)/atmel/studio/7.0/toolchain/arm/arm-gnu-toolchain/bin/../lib/gcc/arm-none-eabi/5.3.1/../../../../arm-none-eabi/lib/armv7e-m\libc.a(lib_a-__call_atexit.o)
__libc_fini_array                                 c:/program files (x86)/atmel/studio/7.0/toolchain/arm/arm-gnu-toolchain/bin/../lib/gcc/arm-none-eabi/5.3.1/../../../../arm-none-eabi/lib/armv7e-m\libc.a(lib_a-fini.o)
                                                  c:/program files (x86)/atmel/studio/7.0/toolchain/arm/arm-gnu-toolchain/bin/../lib/gcc/arm-none-eabi/5.3.1/../../../../arm-none-eabi/lib/armv7e-m\libc.a(lib_a-__call_atexit.o)
                                                  c:/program files (x86)/atmel/studio/7.0/toolchain/arm/arm-gnu-toolchain/bin/../lib/gcc/arm-none-eabi/5.3.1/../../../../arm-none-eabi/lib/armv7e-m/crt0.o
__libc_init_array                                 c:/program files (x86)/atmel/studio/7.0/toolchain/arm/arm-gnu-toolchain/bin/../lib/gcc/arm-none-eabi/5.3.1/../../../../arm-none-eabi/lib/armv7e-m\libc.a(lib_a-init.o)
                                                  src/ASF/sam/utils/cmsis/sam4l/source/templates/gcc/startup_sam4l.o
                                                  c:/program files (x86)/atmel/studio/7.0/toolchain/arm/arm-gnu-toolchain/bin/../lib/gcc/arm-none-eabi/5.3.1/../../../../arm-none-eabi/lib/armv7e-m/crt0.o
__locale_charset                                  c:/program files (x86)/atmel/studio/7.0/toolchain/arm/arm-gnu-toolchain/bin/../lib/gcc/arm-none-eabi/5.3.1/../../../../arm-none-eabi/lib/armv7e-m\libc.a(lib_a-locale.o)
                                                  c:/program files (x86)/atmel/studio/7.0/toolchain/arm/arm-gnu-toolchain/bin/../lib/gcc/arm-none-eabi/5.3.1/../../../../arm-none-eabi/lib/armv7e-m\libc.a(lib_a-wctomb_r.o)
                                                  c:/program files (x86)/atmel/studio/7.0/toolchain/arm/arm-gnu-toolchain/bin/../lib/gcc/arm-none-eabi/5.3.1/../../../../arm-none-eabi/lib/armv7e-m\libc.a(lib_a-wcrtomb.o)
__locale_cjk_lang                                 c:/program files (x86)/atmel/studio/7.0/toolchain/arm/arm-gnu-toolchain/bin/../lib/gcc/arm-none-eabi/5.3.1/../../../../arm-none-eabi/lib/armv7e-m\libc.a(lib_a-locale.o)
__locale_mb_cur_max                               c:/program files (x86)/atmel/studio/7.0/toolchain/arm/arm-gnu-toolchain/bin/../lib/gcc/arm-none-eabi/5.3.1/../../../../arm-none-eabi/lib/armv7e-m\libc.a(lib_a-locale.o)
                                                  c:/program files (x86)/atmel/studio/7.0/toolchain/arm/arm-gnu-toolchain/bin/../lib/gcc/arm-none-eabi/5.3.1/../../../../arm-none-eabi/lib/armv7e-m\libc.a(lib_a-fputwc.o)
__locale_msgcharset                               c:/program files (x86)/atmel/studio/7.0/toolchain/arm/arm-gnu-toolchain/bin/../lib/gcc/arm-none-eabi/5.3.1/../../../../arm-none-eabi/lib/armv7e-m\libc.a(lib_a-locale.o)
__malloc_av_                                      c:/program files (x86)/atmel/studio/7.0/toolchain/arm/arm-gnu-toolchain/bin/../lib/gcc/arm-none-eabi/5.3.1/../../../../arm-none-eabi/lib/armv7e-m\libc.a(lib_a-mallocr.o)
                                                  c:/program files (x86)/atmel/studio/7.0/toolchain/arm/arm-gnu-toolchain/bin/../lib/gcc/arm-none-eabi/5.3.1/../../../../arm-none-eabi/lib/armv7e-m\libc.a(lib_a-reallocr.o)
                                                  c:/program files (x86)/atmel/studio/7.0/toolchain/arm/arm-gnu-toolchain/bin/../lib/gcc/arm-none-eabi/5.3.1/../../../../arm-none-eabi/lib/armv7e-m\libc.a(lib_a-freer.o)
__malloc_current_mallinfo                         c:/program files (x86)/atmel/studio/7.0/toolchain/arm/arm-gnu-toolchain/bin/../lib/gcc/arm-none-eabi/5.3.1/../../../../arm-none-eabi/lib/armv7e-m\libc.a(lib_a-mallocr.o)
                                                  c:/program files (x86)/atmel/studio/7.0/toolchain/arm/arm-gnu-toolchain/bin/../lib/gcc/arm-none-eabi/5.3.1/../../../../arm-none-eabi/lib/armv7e-m\libc.a(lib_a-freer.o)
__malloc_lock                                     c:/program files (x86)/atmel/studio/7.0/toolchain/arm/arm-gnu-toolchain/bin/../lib/gcc/arm-none-eabi/5.3.1/../../../../arm-none-eabi/lib/armv7e-m\libc.a(lib_a-mlock.o)
                                                  c:/program files (x86)/atmel/studio/7.0/toolchain/arm/arm-gnu-toolchain/bin/../lib/gcc/arm-none-eabi/5.3.1/../../../../arm-none-eabi/lib/armv7e-m\libc.a(lib_a-reallocr.o)
                                                  c:/program files (x86)/atmel/studio/7.0/toolchain/arm/arm-gnu-toolchain/bin/../lib/gcc/arm-none-eabi/5.3.1/../../../../arm-none-eabi/lib/armv7e-m\libc.a(lib_a-mallocr.o)
                                                  c:/program files (x86)/atmel/studio/7.0/toolchain/arm/arm-gnu-toolchain/bin/../lib/gcc/arm-none-eabi/5.3.1/../../../../arm-none-eabi/lib/armv7e-m\libc.a(lib_a-freer.o)
__malloc_max_sbrked_mem                           c:/program files (x86)/atmel/studio/7.0/toolchain/arm/arm-gnu-toolchain/bin/../lib/gcc/arm-none-eabi/5.3.1/../../../../arm-none-eabi/lib/armv7e-m\libc.a(lib_a-mallocr.o)
__malloc_max_total_mem                            c:/program files (x86)/atmel/studio/7.0/toolchain/arm/arm-gnu-toolchain/bin/../lib/gcc/arm-none-eabi/5.3.1/../../../../arm-none-eabi/lib/armv7e-m\libc.a(lib_a-mallocr.o)
__malloc_sbrk_base                                c:/program files (x86)/atmel/studio/7.0/toolchain/arm/arm-gnu-toolchain/bin/../lib/gcc/arm-none-eabi/5.3.1/../../../../arm-none-eabi/lib/armv7e-m\libc.a(lib_a-mallocr.o)
                                                  c:/program files (x86)/atmel/studio/7.0/toolchain/arm/arm-gnu-toolchain/bin/../lib/gcc/arm-none-eabi/5.3.1/../../../../arm-none-eabi/lib/armv7e-m\libc.a(lib_a-freer.o)
__malloc_top_pad                                  c:/program files (x86)/atmel/studio/7.0/toolchain/arm/arm-gnu-toolchain/bin/../lib/gcc/arm-none-eabi/5.3.1/../../../../arm-none-eabi/lib/armv7e-m\libc.a(lib_a-mallocr.o)
                                                  c:/program files (x86)/atmel/studio/7.0/toolchain/arm/arm-gnu-toolchain/bin/../lib/gcc/arm-none-eabi/5.3.1/../../../../arm-none-eabi/lib/armv7e-m\libc.a(lib_a-freer.o)
__malloc_trim_threshold                           c:/program files (x86)/atmel/studio/7.0/toolchain/arm/arm-gnu-toolchain/bin/../lib/gcc/arm-none-eabi/5.3.1/../../../../arm-none-eabi/lib/armv7e-m\libc.a(lib_a-mallocr.o)
                                                  c:/program files (x86)/atmel/studio/7.0/toolchain/arm/arm-gnu-toolchain/bin/../lib/gcc/arm-none-eabi/5.3.1/../../../../arm-none-eabi/lib/armv7e-m\libc.a(lib_a-freer.o)
__malloc_unlock                                   c:/program files (x86)/atmel/studio/7.0/toolchain/arm/arm-gnu-toolchain/bin/../lib/gcc/arm-none-eabi/5.3.1/../../../../arm-none-eabi/lib/armv7e-m\libc.a(lib_a-mlock.o)
                                                  c:/program files (x86)/atmel/studio/7.0/toolchain/arm/arm-gnu-toolchain/bin/../lib/gcc/arm-none-eabi/5.3.1/../../../../arm-none-eabi/lib/armv7e-m\libc.a(lib_a-reallocr.o)
                                                  c:/program files (x86)/atmel/studio/7.0/toolchain/arm/arm-gnu-toolchain/bin/../lib/gcc/arm-none-eabi/5.3.1/../../../../arm-none-eabi/lib/armv7e-m\libc.a(lib_a-mallocr.o)
                                                  c:/program files (x86)/atmel/studio/7.0/toolchain/arm/arm-gnu-toolchain/bin/../lib/gcc/arm-none-eabi/5.3.1/../../../../arm-none-eabi/lib/armv7e-m\libc.a(lib_a-freer.o)
__mb_cur_max                                      c:/program files (x86)/atmel/studio/7.0/toolchain/arm/arm-gnu-toolchain/bin/../lib/gcc/arm-none-eabi/5.3.1/../../../../arm-none-eabi/lib/armv7e-m\libc.a(lib_a-locale.o)
__mlocale_changed                                 c:/program files (x86)/atmel/studio/7.0/toolchain/arm/arm-gnu-toolchain/bin/../lib/gcc/arm-none-eabi/5.3.1/../../../../arm-none-eabi/lib/armv7e-m\libc.a(lib_a-locale.o)
__nlocale_changed                                 c:/program files (x86)/atmel/studio/7.0/toolchain/arm/arm-gnu-toolchain/bin/../lib/gcc/arm-none-eabi/5.3.1/../../../../arm-none-eabi/lib/armv7e-m\libc.a(lib_a-locale.o)
__preinit_array_end                               c:/program files (x86)/atmel/studio/7.0/toolchain/arm/arm-gnu-toolchain/bin/../lib/gcc/arm-none-eabi/5.3.1/../../../../arm-none-eabi/lib/armv7e-m\libc.a(lib_a-init.o)
__preinit_array_start                             c:/program files (x86)/atmel/studio/7.0/toolchain/arm/arm-gnu-toolchain/bin/../lib/gcc/arm-none-eabi/5.3.1/../../../../arm-none-eabi/lib/armv7e-m\libc.a(lib_a-init.o)
__ram_end__                                       src/ASF/sam/utils/syscalls/gcc/syscalls.o
__register_exitproc                               c:/program files (x86)/atmel/studio/7.0/toolchain/arm/arm-gnu-toolchain/bin/../lib/gcc/arm-none-eabi/5.3.1/../../../../arm-none-eabi/lib/armv7e-m\libc.a(lib_a-__atexit.o)
                                                  c:/program files (x86)/atmel/studio/7.0/toolchain/arm/arm-gnu-toolchain/bin/../lib/gcc/arm-none-eabi/5.3.1/../../../../arm-none-eabi/lib/armv7e-m\libc.a(lib_a-atexit.o)
__register_frame_info                             c:/program files (x86)/atmel/studio/7.0/toolchain/arm/arm-gnu-toolchain/bin/../lib/gcc/arm-none-eabi/5.3.1/armv7e-m/crtbegin.o
__sclose                                          c:/program files (x86)/atmel/studio/7.0/toolchain/arm/arm-gnu-toolchain/bin/../lib/gcc/arm-none-eabi/5.3.1/../../../../arm-none-eabi/lib/armv7e-m\libc.a(lib_a-stdio.o)
                                                  c:/program files (x86)/atmel/studio/7.0/toolchain/arm/arm-gnu-toolchain/bin/../lib/gcc/arm-none-eabi/5.3.1/../../../../arm-none-eabi/lib/armv7e-m\libc.a(lib_a-findfp.o)
__seofread                                        c:/program files (x86)/atmel/studio/7.0/toolchain/arm/arm-gnu-toolchain/bin/../lib/gcc/arm-none-eabi/5.3.1/../../../../arm-none-eabi/lib/armv7e-m\libc.a(lib_a-stdio.o)
__sflush_r                                        c:/program files (x86)/atmel/studio/7.0/toolchain/arm/arm-gnu-toolchain/bin/../lib/gcc/arm-none-eabi/5.3.1/../../../../arm-none-eabi/lib/armv7e-m\libc.a(lib_a-fflush.o)
                                                  c:/program files (x86)/atmel/studio/7.0/toolchain/arm/arm-gnu-toolchain/bin/../lib/gcc/arm-none-eabi/5.3.1/../../../../arm-none-eabi/lib/armv7e-m\libc.a(lib_a-fclose.o)
__sfmoreglue                                      c:/program files (x86)/atmel/studio/7.0/toolchain/arm/arm-gnu-toolchain/bin/../lib/gcc/arm-none-eabi/5.3.1/../../../../arm-none-eabi/lib/armv7e-m\libc.a(lib_a-findfp.o)
__sfp                                             c:/program files (x86)/atmel/studio/7.0/toolchain/arm/arm-gnu-toolchain/bin/../lib/gcc/arm-none-eabi/5.3.1/../../../../arm-none-eabi/lib/armv7e-m\libc.a(lib_a-findfp.o)
__sfp_lock_acquire                                c:/program files (x86)/atmel/studio/7.0/toolchain/arm/arm-gnu-toolchain/bin/../lib/gcc/arm-none-eabi/5.3.1/../../../../arm-none-eabi/lib/armv7e-m\libc.a(lib_a-findfp.o)
                                                  c:/program files (x86)/atmel/studio/7.0/toolchain/arm/arm-gnu-toolchain/bin/../lib/gcc/arm-none-eabi/5.3.1/../../../../arm-none-eabi/lib/armv7e-m\libc.a(lib_a-fclose.o)
__sfp_lock_release                                c:/program files (x86)/atmel/studio/7.0/toolchain/arm/arm-gnu-toolchain/bin/../lib/gcc/arm-none-eabi/5.3.1/../../../../arm-none-eabi/lib/armv7e-m\libc.a(lib_a-findfp.o)
                                                  c:/program files (x86)/atmel/studio/7.0/toolchain/arm/arm-gnu-toolchain/bin/../lib/gcc/arm-none-eabi/5.3.1/../../../../arm-none-eabi/lib/armv7e-m\libc.a(lib_a-fclose.o)
__sfvwrite_r                                      c:/program files (x86)/atmel/studio/7.0/toolchain/arm/arm-gnu-toolchain/bin/../lib/gcc/arm-none-eabi/5.3.1/../../../../arm-none-eabi/lib/armv7e-m\libc.a(lib_a-fvwrite.o)
                                                  c:/program files (x86)/atmel/studio/7.0/toolchain/arm/arm-gnu-toolchain/bin/../lib/gcc/arm-none-eabi/5.3.1/../../../../arm-none-eabi/lib/armv7e-m\libc.a(lib_a-vfiprintf.o)
__sinit                                           c:/program files (x86)/atmel/studio/7.0/toolchain/arm/arm-gnu-toolchain/bin/../lib/gcc/arm-none-eabi/5.3.1/../../../../arm-none-eabi/lib/armv7e-m\libc.a(lib_a-findfp.o)
                                                  c:/program files (x86)/atmel/studio/7.0/toolchain/arm/arm-gnu-toolchain/bin/../lib/gcc/arm-none-eabi/5.3.1/../../../../arm-none-eabi/lib/armv7e-m\libc.a(lib_a-fclose.o)
                                                  c:/program files (x86)/atmel/studio/7.0/toolchain/arm/arm-gnu-toolchain/bin/../lib/gcc/arm-none-eabi/5.3.1/../../../../arm-none-eabi/lib/armv7e-m\libc.a(lib_a-wbuf.o)
                                                  c:/program files (x86)/atmel/studio/7.0/toolchain/arm/arm-gnu-toolchain/bin/../lib/gcc/arm-none-eabi/5.3.1/../../../../arm-none-eabi/lib/armv7e-m\libc.a(lib_a-fputwc.o)
                                                  c:/program files (x86)/atmel/studio/7.0/toolchain/arm/arm-gnu-toolchain/bin/../lib/gcc/arm-none-eabi/5.3.1/../../../../arm-none-eabi/lib/armv7e-m\libc.a(lib_a-fflush.o)
                                                  c:/program files (x86)/atmel/studio/7.0/toolchain/arm/arm-gnu-toolchain/bin/../lib/gcc/arm-none-eabi/5.3.1/../../../../arm-none-eabi/lib/armv7e-m\libc.a(lib_a-wsetup.o)
                                                  c:/program files (x86)/atmel/studio/7.0/toolchain/arm/arm-gnu-toolchain/bin/../lib/gcc/arm-none-eabi/5.3.1/../../../../arm-none-eabi/lib/armv7e-m\libc.a(lib_a-vfiprintf.o)
__sinit_lock_acquire                              c:/program files (x86)/atmel/studio/7.0/toolchain/arm/arm-gnu-toolchain/bin/../lib/gcc/arm-none-eabi/5.3.1/../../../../arm-none-eabi/lib/armv7e-m\libc.a(lib_a-findfp.o)
__sinit_lock_release                              c:/program files (x86)/atmel/studio/7.0/toolchain/arm/arm-gnu-toolchain/bin/../lib/gcc/arm-none-eabi/5.3.1/../../../../arm-none-eabi/lib/armv7e-m\libc.a(lib_a-findfp.o)
__smakebuf_r                                      c:/program files (x86)/atmel/studio/7.0/toolchain/arm/arm-gnu-toolchain/bin/../lib/gcc/arm-none-eabi/5.3.1/../../../../arm-none-eabi/lib/armv7e-m\libc.a(lib_a-makebuf.o)
                                                  c:/program files (x86)/atmel/studio/7.0/toolchain/arm/arm-gnu-toolchain/bin/../lib/gcc/arm-none-eabi/5.3.1/../../../../arm-none-eabi/lib/armv7e-m\libc.a(lib_a-wsetup.o)
__sprint_r                                        c:/program files (x86)/atmel/studio/7.0/toolchain/arm/arm-gnu-toolchain/bin/../lib/gcc/arm-none-eabi/5.3.1/../../../../arm-none-eabi/lib/armv7e-m\libc.a(lib_a-vfiprintf.o)
__sread                                           c:/program files (x86)/atmel/studio/7.0/toolchain/arm/arm-gnu-toolchain/bin/../lib/gcc/arm-none-eabi/5.3.1/../../../../arm-none-eabi/lib/armv7e-m\libc.a(lib_a-stdio.o)
                                                  c:/program files (x86)/atmel/studio/7.0/toolchain/arm/arm-gnu-toolchain/bin/../lib/gcc/arm-none-eabi/5.3.1/../../../../arm-none-eabi/lib/armv7e-m\libc.a(lib_a-findfp.o)
__sseek                                           c:/program files (x86)/atmel/studio/7.0/toolchain/arm/arm-gnu-toolchain/bin/../lib/gcc/arm-none-eabi/5.3.1/../../../../arm-none-eabi/lib/armv7e-m\libc.a(lib_a-stdio.o)
                                                  c:/program files (x86)/atmel/studio/7.0/toolchain/arm/arm-gnu-toolchain/bin/../lib/gcc/arm-none-eabi/5.3.1/../../../../arm-none-eabi/lib/armv7e-m\libc.a(lib_a-findfp.o)
__stack                                           c:/program files (x86)/atmel/studio/7.0/toolchain/arm/arm-gnu-toolchain/bin/../lib/gcc/arm-none-eabi/5.3.1/../../../../arm-none-eabi/lib/armv7e-m/crt0.o
__swbuf                                           c:/program files (x86)/atmel/studio/7.0/toolchain/arm/arm-gnu-toolchain/bin/../lib/gcc/arm-none-eabi/5.3.1/../../../../arm-none-eabi/lib/armv7e-m\libc.a(lib_a-wbuf.o)
__swbuf_r                                         c:/program files (x86)/atmel/studio/7.0/toolchain/arm/arm-gnu-toolchain/bin/../lib/gcc/arm-none-eabi/5.3.1/../../../../arm-none-eabi/lib/armv7e-m\libc.a(lib_a-wbuf.o)
                                                  c:/program files (x86)/atmel/studio/7.0/toolchain/arm/arm-gnu-toolchain/bin/../lib/gcc/arm-none-eabi/5.3.1/../../../../arm-none-eabi/lib/armv7e-m\libc.a(lib_a-fputwc.o)
__swhatbuf_r                                      c:/program files (x86)/atmel/studio/7.0/toolchain/arm/arm-gnu-toolchain/bin/../lib/gcc/arm-none-eabi/5.3.1/../../../../arm-none-eabi/lib/armv7e-m\libc.a(lib_a-makebuf.o)
__swrite                                          c:/program files (x86)/atmel/studio/7.0/toolchain/arm/arm-gnu-toolchain/bin/../lib/gcc/arm-none-eabi/5.3.1/../../../../arm-none-eabi/lib/armv7e-m\libc.a(lib_a-stdio.o)
                                                  c:/program files (x86)/atmel/studio/7.0/toolchain/arm/arm-gnu-toolchain/bin/../lib/gcc/arm-none-eabi/5.3.1/../../../../arm-none-eabi/lib/armv7e-m\libc.a(lib_a-findfp.o)
__swsetup_r                                       c:/program files (x86)/atmel/studio/7.0/toolchain/arm/arm-gnu-toolchain/bin/../lib/gcc/arm-none-eabi/5.3.1/../../../../arm-none-eabi/lib/armv7e-m\libc.a(lib_a-wsetup.o)
                                                  c:/program files (x86)/atmel/studio/7.0/toolchain/arm/arm-gnu-toolchain/bin/../lib/gcc/arm-none-eabi/5.3.1/../../../../arm-none-eabi/lib/armv7e-m\libc.a(lib_a-wbuf.o)
                                                  c:/program files (x86)/atmel/studio/7.0/toolchain/arm/arm-gnu-toolchain/bin/../lib/gcc/arm-none-eabi/5.3.1/../../../../arm-none-eabi/lib/armv7e-m\libc.a(lib_a-fvwrite.o)
                                                  c:/program files (x86)/atmel/studio/7.0/toolchain/arm/arm-gnu-toolchain/bin/../lib/gcc/arm-none-eabi/5.3.1/../../../../arm-none-eabi/lib/armv7e-m\libc.a(lib_a-vfiprintf.o)
__udivmoddi4                                      c:/program files (x86)/atmel/studio/7.0/toolchain/arm/arm-gnu-toolchain/bin/../lib/gcc/arm-none-eabi/5.3.1/armv7e-m\libgcc.a(_udivmoddi4.o)
                                                  c:/program files (x86)/atmel/studio/7.0/toolchain/arm/arm-gnu-toolchain/bin/../lib/gcc/arm-none-eabi/5.3.1/armv7e-m\libgcc.a(_aeabi_uldivmod.o)
__wctomb                                          c:/program files (x86)/atmel/studio/7.0/toolchain/arm/arm-gnu-toolchain/bin/../lib/gcc/arm-none-eabi/5.3.1/../../../../arm-none-eabi/lib/armv7e-m\libc.a(lib_a-wctomb_r.o)
                                                  c:/program files (x86)/atmel/studio/7.0/toolchain/arm/arm-gnu-toolchain/bin/../lib/gcc/arm-none-eabi/5.3.1/../../../../arm-none-eabi/lib/armv7e-m\libc.a(lib_a-wcrtomb.o)
_cleanup                                          c:/program files (x86)/atmel/studio/7.0/toolchain/arm/arm-gnu-toolchain/bin/../lib/gcc/arm-none-eabi/5.3.1/../../../../arm-none-eabi/lib/armv7e-m\libc.a(lib_a-findfp.o)
_cleanup_r                                        c:/program files (x86)/atmel/studio/7.0/toolchain/arm/arm-gnu-toolchain/bin/../lib/gcc/arm-none-eabi/5.3.1/../../../../arm-none-eabi/lib/armv7e-m\libc.a(lib_a-findfp.o)
                                                  c:/program files (x86)/atmel/studio/7.0/toolchain/arm/arm-gnu-toolchain/bin/../lib/gcc/arm-none-eabi/5.3.1/../../../../arm-none-eabi/lib/armv7e-m\libc.a(lib_a-makebuf.o)
_close                                            src/ASF/sam/utils/syscalls/gcc/syscalls.o
                                                  c:/program files (x86)/atmel/studio/7.0/toolchain/arm/arm-gnu-toolchain/bin/../lib/gcc/arm-none-eabi/5.3.1/../../../../arm-none-eabi/lib/armv7e-m\libc.a(lib_a-closer.o)
_close_r                                          c:/program files (x86)/atmel/studio/7.0/toolchain/arm/arm-gnu-toolchain/bin/../lib/gcc/arm-none-eabi/5.3.1/../../../../arm-none-eabi/lib/armv7e-m\libc.a(lib_a-closer.o)
                                                  c:/program files (x86)/atmel/studio/7.0/toolchain/arm/arm-gnu-toolchain/bin/../lib/gcc/arm-none-eabi/5.3.1/../../../../arm-none-eabi/lib/armv7e-m\libc.a(lib_a-stdio.o)
_end                                              src/ASF/sam/utils/syscalls/gcc/syscalls.o
_erelocate                                        src/ASF/sam/utils/cmsis/sam4l/source/templates/gcc/startup_sam4l.o
_estack                                           src/ASF/sam/utils/cmsis/sam4l/source/templates/gcc/startup_sam4l.o
_etext                                            src/ASF/sam/utils/cmsis/sam4l/source/templates/gcc/startup_sam4l.o
_exit                                             src/ASF/sam/utils/syscalls/gcc/syscalls.o
                                                  c:/program files (x86)/atmel/studio/7.0/toolchain/arm/arm-gnu-toolchain/bin/../lib/gcc/arm-none-eabi/5.3.1/../../../../arm-none-eabi/lib/armv7e-m\libc.a(lib_a-exit.o)
_ezero                                            src/ASF/sam/utils/cmsis/sam4l/source/templates/gcc/startup_sam4l.o
_fclose_r                                         c:/program files (x86)/atmel/studio/7.0/toolchain/arm/arm-gnu-toolchain/bin/../lib/gcc/arm-none-eabi/5.3.1/../../../../arm-none-eabi/lib/armv7e-m\libc.a(lib_a-fclose.o)
                                                  c:/program files (x86)/atmel/studio/7.0/toolchain/arm/arm-gnu-toolchain/bin/../lib/gcc/arm-none-eabi/5.3.1/../../../../arm-none-eabi/lib/armv7e-m\libc.a(lib_a-findfp.o)
_fflush_r                                         c:/program files (x86)/atmel/studio/7.0/toolchain/arm/arm-gnu-toolchain/bin/../lib/gcc/arm-none-eabi/5.3.1/../../../../arm-none-eabi/lib/armv7e-m\libc.a(lib_a-fflush.o)
                                                  c:/program files (x86)/atmel/studio/7.0/toolchain/arm/arm-gnu-toolchain/bin/../lib/gcc/arm-none-eabi/5.3.1/../../../../arm-none-eabi/lib/armv7e-m\libc.a(lib_a-wbuf.o)
                                                  c:/program files (x86)/atmel/studio/7.0/toolchain/arm/arm-gnu-toolchain/bin/../lib/gcc/arm-none-eabi/5.3.1/../../../../arm-none-eabi/lib/armv7e-m\libc.a(lib_a-fvwrite.o)
                                                  c:/program files (x86)/atmel/studio/7.0/toolchain/arm/arm-gnu-toolchain/bin/../lib/gcc/arm-none-eabi/5.3.1/../../../../arm-none-eabi/lib/armv7e-m\libc.a(lib_a-vfiprintf.o)
_fini                                             c:/program files (x86)/atmel/studio/7.0/toolchain/arm/arm-gnu-toolchain/bin/../lib/gcc/arm-none-eabi/5.3.1/armv7e-m/crti.o
                                                  c:/program files (x86)/atmel/studio/7.0/toolchain/arm/arm-gnu-toolchain/bin/../lib/gcc/arm-none-eabi/5.3.1/../../../../arm-none-eabi/lib/armv7e-m\libc.a(lib_a-fini.o)
_fputwc_r                                         c:/program files (x86)/atmel/studio/7.0/toolchain/arm/arm-gnu-toolchain/bin/../lib/gcc/arm-none-eabi/5.3.1/../../../../arm-none-eabi/lib/armv7e-m\libc.a(lib_a-fputwc.o)
                                                  c:/program files (x86)/atmel/studio/7.0/toolchain/arm/arm-gnu-toolchain/bin/../lib/gcc/arm-none-eabi/5.3.1/../../../../arm-none-eabi/lib/armv7e-m\libc.a(lib_a-vfiprintf.o)
_free_r                                           c:/program files (x86)/atmel/studio/7.0/toolchain/arm/arm-gnu-toolchain/bin/../lib/gcc/arm-none-eabi/5.3.1/../../../../arm-none-eabi/lib/armv7e-m\libc.a(lib_a-freer.o)
                                                  c:/program files (x86)/atmel/studio/7.0/toolchain/arm/arm-gnu-toolchain/bin/../lib/gcc/arm-none-eabi/5.3.1/../../../../arm-none-eabi/lib/armv7e-m\libc.a(lib_a-reent.o)
                                                  c:/program files (x86)/atmel/studio/7.0/toolchain/arm/arm-gnu-toolchain/bin/../lib/gcc/arm-none-eabi/5.3.1/../../../../arm-none-eabi/lib/armv7e-m\libc.a(lib_a-fclose.o)
                                                  c:/program files (x86)/atmel/studio/7.0/toolchain/arm/arm-gnu-toolchain/bin/../lib/gcc/arm-none-eabi/5.3.1/../../../../arm-none-eabi/lib/armv7e-m\libc.a(lib_a-reallocr.o)
                                                  c:/program files (x86)/atmel/studio/7.0/toolchain/arm/arm-gnu-toolchain/bin/../lib/gcc/arm-none-eabi/5.3.1/../../../../arm-none-eabi/lib/armv7e-m\libc.a(lib_a-mallocr.o)
                                                  c:/program files (x86)/atmel/studio/7.0/toolchain/arm/arm-gnu-toolchain/bin/../lib/gcc/arm-none-eabi/5.3.1/../../../../arm-none-eabi/lib/armv7e-m\libc.a(lib_a-fvwrite.o)
                                                  c:/program files (x86)/atmel/studio/7.0/toolchain/arm/arm-gnu-toolchain/bin/../lib/gcc/arm-none-eabi/5.3.1/../../../../arm-none-eabi/lib/armv7e-m\libc.a(lib_a-fflush.o)
                                                  c:/program files (x86)/atmel/studio/7.0/toolchain/arm/arm-gnu-toolchain/bin/../lib/gcc/arm-none-eabi/5.3.1/../../../../arm-none-eabi/lib/armv7e-m\libc.a(lib_a-wsetup.o)
_fstat                                            src/ASF/sam/utils/syscalls/gcc/syscalls.o
                                                  c:/program files (x86)/atmel/studio/7.0/toolchain/arm/arm-gnu-toolchain/bin/../lib/gcc/arm-none-eabi/5.3.1/../../../../arm-none-eabi/lib/armv7e-m\libc.a(lib_a-fstatr.o)
_fstat_r                                          c:/program files (x86)/atmel/studio/7.0/toolchain/arm/arm-gnu-toolchain/bin/../lib/gcc/arm-none-eabi/5.3.1/../../../../arm-none-eabi/lib/armv7e-m\libc.a(lib_a-fstatr.o)
                                                  c:/program files (x86)/atmel/studio/7.0/toolchain/arm/arm-gnu-toolchain/bin/../lib/gcc/arm-none-eabi/5.3.1/../../../../arm-none-eabi/lib/armv7e-m\libc.a(lib_a-makebuf.o)
_fwalk                                            c:/program files (x86)/atmel/studio/7.0/toolchain/arm/arm-gnu-toolchain/bin/../lib/gcc/arm-none-eabi/5.3.1/../../../../arm-none-eabi/lib/armv7e-m\libc.a(lib_a-fwalk.o)
                                                  c:/program files (x86)/atmel/studio/7.0/toolchain/arm/arm-gnu-toolchain/bin/../lib/gcc/arm-none-eabi/5.3.1/../../../../arm-none-eabi/lib/armv7e-m\libc.a(lib_a-findfp.o)
_fwalk_reent                                      c:/program files (x86)/atmel/studio/7.0/toolchain/arm/arm-gnu-toolchain/bin/../lib/gcc/arm-none-eabi/5.3.1/../../../../arm-none-eabi/lib/armv7e-m\libc.a(lib_a-fwalk.o)
                                                  c:/program files (x86)/atmel/studio/7.0/toolchain/arm/arm-gnu-toolchain/bin/../lib/gcc/arm-none-eabi/5.3.1/../../../../arm-none-eabi/lib/armv7e-m\libc.a(lib_a-findfp.o)
                                                  c:/program files (x86)/atmel/studio/7.0/toolchain/arm/arm-gnu-toolchain/bin/../lib/gcc/arm-none-eabi/5.3.1/../../../../arm-none-eabi/lib/armv7e-m\libc.a(lib_a-fflush.o)
_getpid                                           src/ASF/sam/utils/syscalls/gcc/syscalls.o
_global_impure_ptr                                c:/program files (x86)/atmel/studio/7.0/toolchain/arm/arm-gnu-toolchain/bin/../lib/gcc/arm-none-eabi/5.3.1/../../../../arm-none-eabi/lib/armv7e-m\libc.a(lib_a-impure.o)
                                                  c:/program files (x86)/atmel/studio/7.0/toolchain/arm/arm-gnu-toolchain/bin/../lib/gcc/arm-none-eabi/5.3.1/../../../../arm-none-eabi/lib/armv7e-m\libc.a(lib_a-__atexit.o)
                                                  c:/program files (x86)/atmel/studio/7.0/toolchain/arm/arm-gnu-toolchain/bin/../lib/gcc/arm-none-eabi/5.3.1/../../../../arm-none-eabi/lib/armv7e-m\libc.a(lib_a-findfp.o)
                                                  c:/program files (x86)/atmel/studio/7.0/toolchain/arm/arm-gnu-toolchain/bin/../lib/gcc/arm-none-eabi/5.3.1/../../../../arm-none-eabi/lib/armv7e-m\libc.a(lib_a-fflush.o)
                                                  c:/program files (x86)/atmel/studio/7.0/toolchain/arm/arm-gnu-toolchain/bin/../lib/gcc/arm-none-eabi/5.3.1/../../../../arm-none-eabi/lib/armv7e-m\libc.a(lib_a-__call_atexit.o)
                                                  c:/program files (x86)/atmel/studio/7.0/toolchain/arm/arm-gnu-toolchain/bin/../lib/gcc/arm-none-eabi/5.3.1/../../../../arm-none-eabi/lib/armv7e-m\libc.a(lib_a-exit.o)
_impure_ptr                                       c:/program files (x86)/atmel/studio/7.0/toolchain/arm/arm-gnu-toolchain/bin/../lib/gcc/arm-none-eabi/5.3.1/../../../../arm-none-eabi/lib/armv7e-m\libc.a(lib_a-impure.o)
                                                  c:/program files (x86)/atmel/studio/7.0/toolchain/arm/arm-gnu-toolchain/bin/../lib/gcc/arm-none-eabi/5.3.1/../../../../arm-none-eabi/lib/armv7e-m\libc.a(lib_a-reent.o)
                                                  c:/program files (x86)/atmel/studio/7.0/toolchain/arm/arm-gnu-toolchain/bin/../lib/gcc/arm-none-eabi/5.3.1/../../../../arm-none-eabi/lib/armv7e-m\libc.a(lib_a-fclose.o)
                                                  c:/program files (x86)/atmel/studio/7.0/toolchain/arm/arm-gnu-toolchain/bin/../lib/gcc/arm-none-eabi/5.3.1/../../../../arm-none-eabi/lib/armv7e-m\libc.a(lib_a-wcrtomb.o)
                                                  c:/program files (x86)/atmel/studio/7.0/toolchain/arm/arm-gnu-toolchain/bin/../lib/gcc/arm-none-eabi/5.3.1/../../../../arm-none-eabi/lib/armv7e-m\libc.a(lib_a-wbuf.o)
                                                  c:/program files (x86)/atmel/studio/7.0/toolchain/arm/arm-gnu-toolchain/bin/../lib/gcc/arm-none-eabi/5.3.1/../../../../arm-none-eabi/lib/armv7e-m\libc.a(lib_a-locale.o)
                                                  c:/program files (x86)/atmel/studio/7.0/toolchain/arm/arm-gnu-toolchain/bin/../lib/gcc/arm-none-eabi/5.3.1/../../../../arm-none-eabi/lib/armv7e-m\libc.a(lib_a-fputwc.o)
                                                  c:/program files (x86)/atmel/studio/7.0/toolchain/arm/arm-gnu-toolchain/bin/../lib/gcc/arm-none-eabi/5.3.1/../../../../arm-none-eabi/lib/armv7e-m\libc.a(lib_a-findfp.o)
                                                  c:/program files (x86)/atmel/studio/7.0/toolchain/arm/arm-gnu-toolchain/bin/../lib/gcc/arm-none-eabi/5.3.1/../../../../arm-none-eabi/lib/armv7e-m\libc.a(lib_a-fflush.o)
                                                  c:/program files (x86)/atmel/studio/7.0/toolchain/arm/arm-gnu-toolchain/bin/../lib/gcc/arm-none-eabi/5.3.1/../../../../arm-none-eabi/lib/armv7e-m\libc.a(lib_a-wsetup.o)
                                                  c:/program files (x86)/atmel/studio/7.0/toolchain/arm/arm-gnu-toolchain/bin/../lib/gcc/arm-none-eabi/5.3.1/../../../../arm-none-eabi/lib/armv7e-m\libc.a(lib_a-vfiprintf.o)
                                                  c:/program files (x86)/atmel/studio/7.0/toolchain/arm/arm-gnu-toolchain/bin/../lib/gcc/arm-none-eabi/5.3.1/../../../../arm-none-eabi/lib/armv7e-m\libc.a(lib_a-iprintf.o)
_init                                             c:/program files (x86)/atmel/studio/7.0/toolchain/arm/arm-gnu-toolchain/bin/../lib/gcc/arm-none-eabi/5.3.1/armv7e-m/crti.o
                                                  c:/program files (x86)/atmel/studio/7.0/toolchain/arm/arm-gnu-toolchain/bin/../lib/gcc/arm-none-eabi/5.3.1/../../../../arm-none-eabi/lib/armv7e-m\libc.a(lib_a-init.o)
_iprintf_r                                        c:/program files (x86)/atmel/studio/7.0/toolchain/arm/arm-gnu-toolchain/bin/../lib/gcc/arm-none-eabi/5.3.1/../../../../arm-none-eabi/lib/armv7e-m\libc.a(lib_a-iprintf.o)
_isatty                                           src/ASF/sam/utils/syscalls/gcc/syscalls.o
                                                  c:/program files (x86)/atmel/studio/7.0/toolchain/arm/arm-gnu-toolchain/bin/../lib/gcc/arm-none-eabi/5.3.1/../../../../arm-none-eabi/lib/armv7e-m\libc.a(lib_a-isattyr.o)
_isatty_r                                         c:/program files (x86)/atmel/studio/7.0/toolchain/arm/arm-gnu-toolchain/bin/../lib/gcc/arm-none-eabi/5.3.1/../../../../arm-none-eabi/lib/armv7e-m\libc.a(lib_a-isattyr.o)
                                                  c:/program files (x86)/atmel/studio/7.0/toolchain/arm/arm-gnu-toolchain/bin/../lib/gcc/arm-none-eabi/5.3.1/../../../../arm-none-eabi/lib/armv7e-m\libc.a(lib_a-makebuf.o)
_kill                                             src/ASF/sam/utils/syscalls/gcc/syscalls.o
_localeconv_r                                     c:/program files (x86)/atmel/studio/7.0/toolchain/arm/arm-gnu-toolchain/bin/../lib/gcc/arm-none-eabi/5.3.1/../../../../arm-none-eabi/lib/armv7e-m\libc.a(lib_a-locale.o)
_lseek                                            src/ASF/sam/utils/syscalls/gcc/syscalls.o
                                                  c:/program files (x86)/atmel/studio/7.0/toolchain/arm/arm-gnu-toolchain/bin/../lib/gcc/arm-none-eabi/5.3.1/../../../../arm-none-eabi/lib/armv7e-m\libc.a(lib_a-lseekr.o)
_lseek_r                                          c:/program files (x86)/atmel/studio/7.0/toolchain/arm/arm-gnu-toolchain/bin/../lib/gcc/arm-none-eabi/5.3.1/../../../../arm-none-eabi/lib/armv7e-m\libc.a(lib_a-lseekr.o)
                                                  c:/program files (x86)/atmel/studio/7.0/toolchain/arm/arm-gnu-toolchain/bin/../lib/gcc/arm-none-eabi/5.3.1/../../../../arm-none-eabi/lib/armv7e-m\libc.a(lib_a-stdio.o)
_mainCRTStartup                                   c:/program files (x86)/atmel/studio/7.0/toolchain/arm/arm-gnu-toolchain/bin/../lib/gcc/arm-none-eabi/5.3.1/../../../../arm-none-eabi/lib/armv7e-m/crt0.o
_malloc_r                                         c:/program files (x86)/atmel/studio/7.0/toolchain/arm/arm-gnu-toolchain/bin/../lib/gcc/arm-none-eabi/5.3.1/../../../../arm-none-eabi/lib/armv7e-m\libc.a(lib_a-mallocr.o)
                                                  c:/program files (x86)/atmel/studio/7.0/toolchain/arm/arm-gnu-toolchain/bin/../lib/gcc/arm-none-eabi/5.3.1/../../../../arm-none-eabi/lib/armv7e-m\libc.a(lib_a-reallocr.o)
                                                  c:/program files (x86)/atmel/studio/7.0/toolchain/arm/arm-gnu-toolchain/bin/../lib/gcc/arm-none-eabi/5.3.1/../../../../arm-none-eabi/lib/armv7e-m\libc.a(lib_a-makebuf.o)
                                                  c:/program files (x86)/atmel/studio/7.0/toolchain/arm/arm-gnu-toolchain/bin/../lib/gcc/arm-none-eabi/5.3.1/../../../../arm-none-eabi/lib/armv7e-m\libc.a(lib_a-fvwrite.o)
                                                  c:/program files (x86)/atmel/studio/7.0/toolchain/arm/arm-gnu-toolchain/bin/../lib/gcc/arm-none-eabi/5.3.1/../../../../arm-none-eabi/lib/armv7e-m\libc.a(lib_a-findfp.o)
_malloc_trim_r                                    c:/program files (x86)/atmel/studio/7.0/toolchain/arm/arm-gnu-toolchain/bin/../lib/gcc/arm-none-eabi/5.3.1/../../../../arm-none-eabi/lib/armv7e-m\libc.a(lib_a-freer.o)
_read                                             c:/program files (x86)/atmel/studio/7.0/toolchain/arm/arm-gnu-toolchain/bin/../lib/gcc/arm-none-eabi/5.3.1/../../../../arm-none-eabi/lib/armv7e-m\libc.a(lib_a-readr.o)
_read_r                                           c:/program files (x86)/atmel/studio/7.0/toolchain/arm/arm-gnu-toolchain/bin/../lib/gcc/arm-none-eabi/5.3.1/../../../../arm-none-eabi/lib/armv7e-m\libc.a(lib_a-readr.o)
                                                  c:/program files (x86)/atmel/studio/7.0/toolchain/arm/arm-gnu-toolchain/bin/../lib/gcc/arm-none-eabi/5.3.1/../../../../arm-none-eabi/lib/armv7e-m\libc.a(lib_a-stdio.o)
_realloc_r                                        c:/program files (x86)/atmel/studio/7.0/toolchain/arm/arm-gnu-toolchain/bin/../lib/gcc/arm-none-eabi/5.3.1/../../../../arm-none-eabi/lib/armv7e-m\libc.a(lib_a-reallocr.o)
                                                  c:/program files (x86)/atmel/studio/7.0/toolchain/arm/arm-gnu-toolchain/bin/../lib/gcc/arm-none-eabi/5.3.1/../../../../arm-none-eabi/lib/armv7e-m\libc.a(lib_a-fvwrite.o)
_reclaim_reent                                    c:/program files (x86)/atmel/studio/7.0/toolchain/arm/arm-gnu-toolchain/bin/../lib/gcc/arm-none-eabi/5.3.1/../../../../arm-none-eabi/lib/armv7e-m\libc.a(lib_a-reent.o)
_sbrk                                             src/ASF/sam/utils/syscalls/gcc/syscalls.o
                                                  c:/program files (x86)/atmel/studio/7.0/toolchain/arm/arm-gnu-toolchain/bin/../lib/gcc/arm-none-eabi/5.3.1/../../../../arm-none-eabi/lib/armv7e-m\libc.a(lib_a-sbrkr.o)
_sbrk_r                                           c:/program files (x86)/atmel/studio/7.0/toolchain/arm/arm-gnu-toolchain/bin/../lib/gcc/arm-none-eabi/5.3.1/../../../../arm-none-eabi/lib/armv7e-m\libc.a(lib_a-sbrkr.o)
                                                  c:/program files (x86)/atmel/studio/7.0/toolchain/arm/arm-gnu-toolchain/bin/../lib/gcc/arm-none-eabi/5.3.1/../../../../arm-none-eabi/lib/armv7e-m\libc.a(lib_a-mallocr.o)
                                                  c:/program files (x86)/atmel/studio/7.0/toolchain/arm/arm-gnu-toolchain/bin/../lib/gcc/arm-none-eabi/5.3.1/../../../../arm-none-eabi/lib/armv7e-m\libc.a(lib_a-freer.o)
_setlocale_r                                      c:/program files (x86)/atmel/studio/7.0/toolchain/arm/arm-gnu-toolchain/bin/../lib/gcc/arm-none-eabi/5.3.1/../../../../arm-none-eabi/lib/armv7e-m\libc.a(lib_a-locale.o)
_sfixed                                           src/ASF/sam/utils/cmsis/sam4l/source/templates/gcc/startup_sam4l.o
_srelocate                                        src/ASF/sam/utils/cmsis/sam4l/source/templates/gcc/startup_sam4l.o
_start                                            c:/program files (x86)/atmel/studio/7.0/toolchain/arm/arm-gnu-toolchain/bin/../lib/gcc/arm-none-eabi/5.3.1/../../../../arm-none-eabi/lib/armv7e-m/crt0.o
_szero                                            src/ASF/sam/utils/cmsis/sam4l/source/templates/gcc/startup_sam4l.o
_vfiprintf_r                                      c:/program files (x86)/atmel/studio/7.0/toolchain/arm/arm-gnu-toolchain/bin/../lib/gcc/arm-none-eabi/5.3.1/../../../../arm-none-eabi/lib/armv7e-m\libc.a(lib_a-vfiprintf.o)
                                                  c:/program files (x86)/atmel/studio/7.0/toolchain/arm/arm-gnu-toolchain/bin/../lib/gcc/arm-none-eabi/5.3.1/../../../../arm-none-eabi/lib/armv7e-m\libc.a(lib_a-iprintf.o)
_wcrtomb_r                                        c:/program files (x86)/atmel/studio/7.0/toolchain/arm/arm-gnu-toolchain/bin/../lib/gcc/arm-none-eabi/5.3.1/../../../../arm-none-eabi/lib/armv7e-m\libc.a(lib_a-wcrtomb.o)
                                                  c:/program files (x86)/atmel/studio/7.0/toolchain/arm/arm-gnu-toolchain/bin/../lib/gcc/arm-none-eabi/5.3.1/../../../../arm-none-eabi/lib/armv7e-m\libc.a(lib_a-fputwc.o)
_wctomb_r                                         c:/program files (x86)/atmel/studio/7.0/toolchain/arm/arm-gnu-toolchain/bin/../lib/gcc/arm-none-eabi/5.3.1/../../../../arm-none-eabi/lib/armv7e-m\libc.a(lib_a-wctomb_r.o)
_write                                            c:/program files (x86)/atmel/studio/7.0/toolchain/arm/arm-gnu-toolchain/bin/../lib/gcc/arm-none-eabi/5.3.1/../../../../arm-none-eabi/lib/armv7e-m\libc.a(lib_a-writer.o)
_write_r                                          c:/program files (x86)/atmel/studio/7.0/toolchain/arm/arm-gnu-toolchain/bin/../lib/gcc/arm-none-eabi/5.3.1/../../../../arm-none-eabi/lib/armv7e-m\libc.a(lib_a-writer.o)
                                                  c:/program files (x86)/atmel/studio/7.0/toolchain/arm/arm-gnu-toolchain/bin/../lib/gcc/arm-none-eabi/5.3.1/../../../../arm-none-eabi/lib/armv7e-m\libc.a(lib_a-stdio.o)
atexit                                            c:/program files (x86)/atmel/studio/7.0/toolchain/arm/arm-gnu-toolchain/bin/../lib/gcc/arm-none-eabi/5.3.1/../../../../arm-none-eabi/lib/armv7e-m\libc.a(lib_a-atexit.o)